Archive member included because of file (symbol)

./out/lib/posix.a(ciaaPOSIX_stdio.o)
                              ./out/obj/puertos.o (ciaaPOSIX_open)
./out/lib/posix.a(ciaaPOSIX_assert.o)
                              ./out/lib/posix.a(ciaaPOSIX_stdio.o) (ciaaPOSIX_assert_msg)
./out/lib/posix.a(ciaaPOSIX_string.o)
                              ./out/lib/posix.a(ciaaPOSIX_stdio.o) (ciaaPOSIX_strlen)
./out/lib/posix.a(ciaaDevices.o)
                              ./out/lib/posix.a(ciaaPOSIX_stdio.o) (ciaaDevices_getDevice)
./out/lib/ciaak.a(ciaak_main.o)
                              ./out/obj/proyecto.o (ciaak_start)
./out/lib/drivers.a(ciaaDriverUart.o)
                              ./out/lib/ciaak.a(ciaak_main.o) (ciaaDriverUart_init)
./out/lib/drivers.a(ciaaDriverDio.o)
                              ./out/lib/ciaak.a(ciaak_main.o) (ciaaDriverDio_init)
./out/lib/drivers.a(ciaaDriverFlash.o)
                              ./out/lib/ciaak.a(ciaak_main.o) (ciaaDriverFlash_init)
./out/lib/drivers.a(ciaaDriverAio.o)
                              ./out/lib/ciaak.a(ciaak_main.o) (ciaaDriverAio_init)
./out/lib/ext_drivers.a(gpio_18xx_43xx.o)
                              ./out/lib/drivers.a(ciaaDriverDio.o) (Chip_GPIO_Init)
./out/lib/ext_drivers.a(uart_18xx_43xx.o)
                              ./out/lib/drivers.a(ciaaDriverUart.o) (Chip_UART_Init)
./out/lib/ext_drivers.a(cr_startup_lpc43xx.o)
                              (ResetISR)
./out/lib/ext_drivers.a(adc_18xx_43xx.o)
                              ./out/lib/drivers.a(ciaaDriverAio.o) (Chip_ADC_Init)
./out/lib/ext_drivers.a(gpdma_18xx_43xx.o)
                              ./out/lib/drivers.a(ciaaDriverAio.o) (Chip_GPDMA_Init)
./out/lib/ext_drivers.a(dac_18xx_43xx.o)
                              ./out/lib/drivers.a(ciaaDriverAio.o) (Chip_DAC_Init)
./out/lib/ext_drivers.a(clock_18xx_43xx.o)
                              ./out/lib/ext_drivers.a(uart_18xx_43xx.o) (Chip_Clock_EnableOpts)
./out/lib/ext_drivers.a(ring_buffer.o)
                              ./out/lib/ext_drivers.a(uart_18xx_43xx.o) (RingBuffer_Insert)
./out/lib/ext_drivers.a(sysinit.o)
                              ./out/lib/ext_drivers.a(clock_18xx_43xx.o) (ExtRateIn)
./out/lib/ext_drivers.a(fpu_init.o)
                              ./out/lib/ext_drivers.a(sysinit.o) (fpuInit)
./out/lib/ext_drivers.a(sysinit_18xx_43xx.o)
                              ./out/lib/ext_drivers.a(sysinit.o) (Chip_SystemInit)
./out/lib/rtos.a(StartOS.o)   ./out/obj/proyecto.o (StartOS)
./out/lib/rtos.a(Os_Internal.o)
                              ./out/lib/rtos.a(StartOS.o) (RunningTask)
./out/lib/rtos.a(Schedule.o)  ./out/lib/rtos.a(StartOS.o) (Schedule_Int)
./out/lib/rtos.a(ActivateTask.o)
                              ./out/lib/rtos.a(StartOS.o) (ActivateTask)
./out/lib/rtos.a(Os.o)        ./out/lib/rtos.a(StartOS.o) (SuspendAllInterrupts_Counter)
./out/lib/rtos.a(TerminateTask.o)
                              ./out/obj/proyecto.o (TerminateTask)
./out/lib/rtos.a(ShutdownOS.o)
                              ./out/obj/proyecto.o (ShutdownOS)
./out/lib/rtos.a(GetResource.o)
                              ./out/lib/posix.a(ciaaPOSIX_stdio.o) (GetResource)
./out/lib/rtos.a(ReleaseResource.o)
                              ./out/lib/posix.a(ciaaPOSIX_stdio.o) (ReleaseResource)
./out/lib/rtos.a(SetRelAlarm.o)
                              ./out/obj/proyecto.o (SetRelAlarm)
./out/lib/rtos.a(StartOs_Arch.o)
                              ./out/lib/rtos.a(StartOS.o) (StartOs_Arch)
./out/lib/rtos.a(Os_Internal_Arch.o)
                              ./out/lib/rtos.a(Schedule.o) (Osek_NewTaskPtr_Arch)
./out/lib/rtos.a(Os_Cfg.o)    ./out/obj/proyecto.o (Osek_ErrorApi)
./out/lib/rtos.a(Os_Internal_Cfg.o)
                              ./out/lib/rtos.a(Os_Internal.o) (TasksConst)
./out/lib/rtos.a(Os_Internal_Arch_Cfg.o)
                              ./out/lib/ext_drivers.a(cr_startup_lpc43xx.o) (g_pfnVectors)
./out/lib/rtos.a(SetEvent.o)  ./out/lib/rtos.a(Os_Internal.o) (SetEvent)
./out/lib/rtos.a(StartOs_Arch_SysTick.o)
                              ./out/lib/rtos.a(StartOs_Arch.o) (StartOs_Arch_SysTick)
./out/lib/rtos.a(PendSV.o)    ./out/lib/rtos.a(Os_Internal_Arch_Cfg.o) (PendSV_Handler)
./out/lib/posix.a(ciaaSerialDevices.o)
                              ./out/lib/ciaak.a(ciaak_main.o) (ciaaSerialDevices_init)
./out/lib/posix.a(ciaaBlockDevices.o)
                              ./out/lib/ciaak.a(ciaak_main.o) (ciaaBlockDevices_init)
./out/lib/posix.a(ciaaPOSIX_stdlib.o)
                              ./out/lib/ciaak.a(ciaak_main.o) (ciaaPOSIX_stdlib_init)
./out/lib/posix.a(ciaaPOSIX_semaphore.o)
                              ./out/lib/posix.a(ciaaPOSIX_stdlib.o) (ciaaPOSIX_sem_init)
./out/lib/posix.a(ciaaDioDevices.o)
                              ./out/lib/drivers.a(ciaaDriverDio.o) (ciaaDioDevices_addDriver)
./out/lib/posix.a(ciaaPOSIX_errno.o)
[...]
Memory Configuration

Name             Origin             Length             Attributes
MFlashA512       0x1a000000         0x00080000         xr
MFlashB512       0x1b000000         0x00080000         xr
RamLoc32         0x10000000         0x00008000         xrw
RamLoc40         0x10080000         0x0000a000         xrw
RamAHB32         0x20000000         0x00008000         xrw
RamAHB16         0x20008000         0x00004000         xrw
RamAHB_ETB16     0x2000c000         0x00004000         xrw
*default*        0x00000000         0xffffffff

Linker script and memory map

LOAD ./out/obj/proyecto.o
LOAD ./out/obj/matriz.o
LOAD ./out/obj/interfaz.o
LOAD ./out/obj/puertos.o
LOAD ./out/obj/switches.o
LOAD ./out/obj/registros.o
LOAD ./out/obj/tiempo.o
LOAD ./out/obj/calculadora.o
LOAD ./out/obj/lcd.o
LOAD ./out/obj/conversor.o
LOAD ./out/obj/crp.o
START GROUP
LOAD ./out/lib/posix.a
LOAD ./out/lib/ciaak.a
LOAD ./out/lib/drivers.a
LOAD ./out/lib/ext_drivers.a
LOAD ./out/lib/rtos.a
LOAD ./out/lib/libs.a
LOAD ./out/lib/ext_base.a
END GROUP
START GROUP
LOAD c:/ciaa/cygwin/usr/arm-none-eabi/bin/../lib/gcc/arm-none-eabi/4.8.4/armv7e-m/softfp\libgcc.a
LOAD c:/ciaa/cygwin/usr/arm-none-eabi/bin/../lib/gcc/arm-none-eabi/4.8.4/../../../../arm-none-eabi/lib/armv7e-m/softfp\libc.a
LOAD c:/ciaa/cygwin/usr/arm-none-eabi/bin/../lib/gcc/arm-none-eabi/4.8.4/../../../../arm-none-eabi/lib/armv7e-m/softfp\libm.a
END GROUP
                0x1a080000                __top_MFlashA512 = 0x1a080000
                0x1b080000                __top_MFlashB512 = 0x1b080000
                0x10008000                __top_RamLoc32 = 0x10008000
                0x1008a000                __top_RamLoc40 = 0x1008a000
                0x20008000                __top_RamAHB32 = 0x20008000
                0x2000c000                __top_RamAHB16 = 0x2000c000
                0x20010000                __top_RamAHB_ETB16 = 0x20010000

.text_Flash2    0x1b000000        0x0
 FILL mask 0xff
 *(.text_Flash2*)
 *(.text_MFlashB512*)
 *(.text.$Flash2*)
 *(.text.$MFlashB512*)
 *(.rodata.$Flash2*)
 *(.rodata.$MFlashB512*)

.text           0x1a000000     0xf2dc
 FILL mask 0xff
                0x1a000000                __vectors_start__ = ABSOLUTE (.)
 *(.isr_vector)
 .isr_vector    0x1a000000      0x114 ./out/lib/rtos.a(Os_Internal_Arch_Cfg.o)
                0x1a000000                g_pfnVectors
                0x1a000114                . = ALIGN (0x4)
                0x1a000114                __section_table_start = .
                0x1a000114                __data_section_table = .
                0x1a000114        0x4 LONG 0x1a00f2dc LOADADDR (.data)
                0x1a000118        0x4 LONG 0x10000000 ADDR (.data)
                0x1a00011c        0x4 LONG 0x2c0 SIZEOF (.data)
                0x1a000120        0x4 LONG 0x1a00f2dc LOADADDR (.data_RAM2)
                0x1a000124        0x4 LONG 0x10080000 ADDR (.data_RAM2)
                0x1a000128        0x4 LONG 0x0 SIZEOF (.data_RAM2)
                0x1a00012c        0x4 LONG 0x1a00f2dc LOADADDR (.data_RAM3)
                0x1a000130        0x4 LONG 0x20000000 ADDR (.data_RAM3)
                0x1a000134        0x4 LONG 0x0 SIZEOF (.data_RAM3)
                0x1a000138        0x4 LONG 0x1a00f2dc LOADADDR (.data_RAM4)
                0x1a00013c        0x4 LONG 0x20008000 ADDR (.data_RAM4)
                0x1a000140        0x4 LONG 0x0 SIZEOF (.data_RAM4)
                0x1a000144        0x4 LONG 0x1a00f2dc LOADADDR (.data_RAM5)
                0x1a000148        0x4 LONG 0x2000c000 ADDR (.data_RAM5)
                0x1a00014c        0x4 LONG 0x0 SIZEOF (.data_RAM5)
                0x1a000150                __data_section_table_end = .
                0x1a000150                __bss_section_table = .
                0x1a000150        0x4 LONG 0x100002c0 ADDR (.bss)
                0x1a000154        0x4 LONG 0x3ab8 SIZEOF (.bss)
                0x1a000158        0x4 LONG 0x10080000 ADDR (.bss_RAM2)
                0x1a00015c        0x4 LONG 0x0 SIZEOF (.bss_RAM2)
                0x1a000160        0x4 LONG 0x20000000 ADDR (.bss_RAM3)
                0x1a000164        0x4 LONG 0x0 SIZEOF (.bss_RAM3)
                0x1a000168        0x4 LONG 0x20008000 ADDR (.bss_RAM4)
                0x1a00016c        0x4 LONG 0x0 SIZEOF (.bss_RAM4)
                0x1a000170        0x4 LONG 0x2000c000 ADDR (.bss_RAM5)
                0x1a000174        0x4 LONG 0x0 SIZEOF (.bss_RAM5)
                0x1a000178                __bss_section_table_end = .
                0x1a000178                __section_table_end = .
 *(.after_vectors*)
 .after_vectors
                0x1a000178       0x7c ./out/lib/ext_drivers.a(cr_startup_lpc43xx.o)
                0x1a000178                data_init
                0x1a0001bc                bss_init
 .after_vectors
                0x1a0001f4       0x38 ./out/lib/rtos.a(Os_Internal_Arch_Cfg.o)
                0x1a0001f4                NMI_Handler
                0x1a0001fc                HardFault_Handler
                0x1a000204                MemManage_Handler
                0x1a00020c                BusFault_Handler
                0x1a000214                UsageFault_Handler
                0x1a00021c                SVC_Handler
                0x1a000224                DebugMon_Handler
                0x000002fc                . = 0x2fc
 *fill*         0x1a00022c       0xd0 ff
                0x1a0002fc                PROVIDE (__CRP_WORD_START__, .)
 *(.crp)
 .crp           0x1a0002fc        0x4 ./out/obj/crp.o
                0x1a0002fc                CRP_WORD
                0x1a000300                PROVIDE (__CRP_WORD_END__, .)
                0x00000001                ASSERT (! ((__CRP_WORD_START__ == __CRP_WORD_END__)), Linker CRP Enabled, but no CRP_WORD provided within application)
 *(.text*)
 .text.main     0x1a000300       0x10 ./out/obj/proyecto.o
                0x1a000300                main
 .text.ErrorHook
                0x1a000310       0x54 ./out/obj/proyecto.o
                0x1a000310                ErrorHook
 .text.OSEK_TASK_InitTask
                0x1a000364       0x48 ./out/obj/proyecto.o
                0x1a000364                OSEK_TASK_InitTask
 .text.OSEK_TASK_LcdTask
                0x1a0003ac       0x1c ./out/obj/proyecto.o
                0x1a0003ac                OSEK_TASK_LcdTask
 .text.OSEK_TASK_MatrizTask
                0x1a0003c8       0x10 ./out/obj/proyecto.o
                0x1a0003c8                OSEK_TASK_MatrizTask
 .text.OSEK_TASK_RegistrosTask
                0x1a0003d8       0x10 ./out/obj/proyecto.o
                0x1a0003d8                OSEK_TASK_RegistrosTask
 .text.OSEK_TASK_SwitchesTask
                0x1a0003e8       0x10 ./out/obj/proyecto.o
                0x1a0003e8                OSEK_TASK_SwitchesTask
 .text.f_0      0x1a0003f8      0x1d0 ./out/obj/matriz.o
 .text.f_1      0x1a0005c8      0x1a8 ./out/obj/matriz.o
 .text.f_2      0x1a000770      0x1d0 ./out/obj/matriz.o
 .text.f_3      0x1a000940      0x1d0 ./out/obj/matriz.o
 .text.f_4      0x1a000b10      0x1c4 ./out/obj/matriz.o
 .text.f_5      0x1a000cd4      0x1d0 ./out/obj/matriz.o
 .text.f_6      0x1a000ea4      0x1d0 ./out/obj/matriz.o
 .text.f_7      0x1a001074      0x1d0 ./out/obj/matriz.o
 .text.f_8      0x1a001244      0x1d0 ./out/obj/matriz.o
 .text.f_9      0x1a001414      0x1d0 ./out/obj/matriz.o
 .text.f_A      0x1a0015e4      0x1d0 ./out/obj/matriz.o
 .text.f_B      0x1a0017b4      0x1d0 ./out/obj/matriz.o
 .text.f_C      0x1a001984      0x1d0 ./out/obj/matriz.o
 .text.f_D      0x1a001b54      0x1d0 ./out/obj/matriz.o
 .text.f_E      0x1a001d24      0x1d0 ./out/obj/matriz.o
 .text.f_F      0x1a001ef4      0x1d0 ./out/obj/matriz.o
 .text.f_G      0x1a0020c4      0x1d0 ./out/obj/matriz.o
 .text.f_H      0x1a002294      0x1d0 ./out/obj/matriz.o
 .text.f_I      0x1a002464      0x1a8 ./out/obj/matriz.o
 .text.f_J      0x1a00260c      0x1d0 ./out/obj/matriz.o
 .text.f_K      0x1a0027dc      0x1d0 ./out/obj/matriz.o
 .text.f_L      0x1a0029ac      0x1d0 ./out/obj/matriz.o
 .text.f_M      0x1a002b7c      0x1c4 ./out/obj/matriz.o
 .text.f_N      0x1a002d40      0x1d0 ./out/obj/matriz.o
 .text.f_O      0x1a002f10      0x1d0 ./out/obj/matriz.o
 .text.f_P      0x1a0030e0      0x1d0 ./out/obj/matriz.o
 .text.f_Q      0x1a0032b0      0x1d0 ./out/obj/matriz.o
 .text.f_R      0x1a003480      0x1d0 ./out/obj/matriz.o
 .text.f_S      0x1a003650      0x1d0 ./out/obj/matriz.o
 .text.f_T      0x1a003820      0x1c4 ./out/obj/matriz.o
 .text.f_U      0x1a0039e4      0x1d0 ./out/obj/matriz.o
 .text.f_V      0x1a003bb4      0x1c4 ./out/obj/matriz.o
 .text.f_W      0x1a003d78      0x1c4 ./out/obj/matriz.o
 .text.f_X      0x1a003f3c      0x1c4 ./out/obj/matriz.o
 .text.f_Y      0x1a004100      0x1c4 ./out/obj/matriz.o
 .text.f_Z      0x1a0042c4      0x1d0 ./out/obj/matriz.o
 .text.f_Sum    0x1a004494      0x200 ./out/obj/matriz.o
 .text.f_Res    0x1a004694      0x208 ./out/obj/matriz.o
 .text.f_Mul    0x1a00489c      0x1c4 ./out/obj/matriz.o
 .text.f_Div    0x1a004a60      0x208 ./out/obj/matriz.o
 .text.f_Igu    0x1a004c68      0x1d0 ./out/obj/matriz.o
 .text.f_Esp    0x1a004e38      0x1bc ./out/obj/matriz.o
 .text.f_Com    0x1a004ff4      0x1d0 ./out/obj/matriz.o
 .text.f_Nula   0x1a0051c4        0xc ./out/obj/matriz.o
 .text.ReinicializarMatriz
                0x1a0051d0       0x50 ./out/obj/matriz.o
 .text.ReinicializarValores
                0x1a005220       0x4c ./out/obj/matriz.o
 .text.DesplazarIzquierda_RangoValido
                0x1a00526c       0x40 ./out/obj/matriz.o
 .text.Matriz_DespMinimo
                0x1a0052ac      0x1c8 ./out/obj/matriz.o
 .text.Matriz_AumentarDesp
                0x1a005474      0x198 ./out/obj/matriz.o
 .text.Matriz_DisminuirDesp
                0x1a00560c      0x198 ./out/obj/matriz.o
 .text.Matriz_EscribirCaracter
                0x1a0057a4       0x24 ./out/obj/matriz.o
 .text.Matriz_Inicializar
                0x1a0057c8       0x2c ./out/obj/matriz.o
                0x1a0057c8                Matriz_Inicializar
 .text.Matriz_EscribirMensaje
                0x1a0057f4       0x4c ./out/obj/matriz.o
                0x1a0057f4                Matriz_EscribirMensaje
 .text.Matriz_BorrarMensaje
                0x1a005840       0x10 ./out/obj/matriz.o
                0x1a005840                Matriz_BorrarMensaje
 .text.Matriz_DesplazarMensaje
                0x1a005850      0x214 ./out/obj/matriz.o
                0x1a005850                Matriz_DesplazarMensaje
 .text.Matriz_CambiarSize
                0x1a005a64       0x2c ./out/obj/matriz.o
                0x1a005a64                Matriz_CambiarSize
 .text.Matriz_CambiarVelocidad_Desplazar
                0x1a005a90       0x7c ./out/obj/matriz.o
                0x1a005a90                Matriz_CambiarVelocidad_Desplazar
 .text.Matriz_CambiarDetener
                0x1a005b0c       0x4c ./out/obj/matriz.o
                0x1a005b0c                Matriz_CambiarDetener
 .text.Interfaz_EncenderCursorLCD
                0x1a005b58       0x10 ./out/obj/interfaz.o
 .text.Interfaz_ApagarCursorLCD
                0x1a005b68       0x10 ./out/obj/interfaz.o
 .text.Interfaz_CargarSubmenu
                0x1a005b78       0x20 ./out/obj/interfaz.o
                0x1a005b78                Interfaz_CargarSubmenu
 .text.Interfaz_MenuPrincipal
                0x1a005b98       0x70 ./out/obj/interfaz.o
                0x1a005b98                Interfaz_MenuPrincipal
 .text.Interfaz_Inicializar
                0x1a005c08       0x1c ./out/obj/interfaz.o
                0x1a005c08                Interfaz_Inicializar
 .text.Interfaz_ReinicializarMensaje
                0x1a005c24       0x5c ./out/obj/interfaz.o
 .text.Interfaz_EscribirMensaje
                0x1a005c80       0x24 ./out/obj/interfaz.o
                0x1a005c80                Interfaz_EscribirMensaje
 .text.Interfaz_Operando1
                0x1a005ca4       0x24 ./out/obj/interfaz.o
                0x1a005ca4                Interfaz_Operando1
 .text.Interfaz_Operador
                0x1a005cc8       0x20 ./out/obj/interfaz.o
                0x1a005cc8                Interfaz_Operador
 .text.Interfaz_Operando2
                0x1a005ce8       0x24 ./out/obj/interfaz.o
                0x1a005ce8                Interfaz_Operando2
 .text.Interfaz_CodificacionInicial
                0x1a005d0c       0x6c ./out/obj/interfaz.o
                0x1a005d0c                Interfaz_CodificacionInicial
 .text.Interfaz_ValorInicial
                0x1a005d78       0x24 ./out/obj/interfaz.o
                0x1a005d78                Interfaz_ValorInicial
 .text.Interfaz_CodificacionFinal
                0x1a005d9c       0x6c ./out/obj/interfaz.o
                0x1a005d9c                Interfaz_CodificacionFinal
 .text.Interfaz_ValorFinal
                0x1a005e08       0x20 ./out/obj/interfaz.o
                0x1a005e08                Interfaz_ValorFinal
 .text.Interfaz_ComprobarMensaje
                0x1a005e28       0x58 ./out/obj/interfaz.o
                0x1a005e28                Interfaz_ComprobarMensaje
 .text.Interfaz_MostrarResultadoCalculadora
                0x1a005e80       0x34 ./out/obj/interfaz.o
 .text.Interfaz_ComprobarOperando
                0x1a005eb4      0x310 ./out/obj/interfaz.o
                0x1a005eb4                Interfaz_ComprobarOperando
 .text.Interfaz_ComprobarValorInicial
                0x1a0061c4      0x160 ./out/obj/interfaz.o
                0x1a0061c4                Interfaz_ComprobarValorInicial
 .text.Interfaz_MostrarResultadoConversion
                0x1a006324       0x90 ./out/obj/interfaz.o
 .text.Interfaz_Conversion
                0x1a0063b4      0x118 ./out/obj/interfaz.o
                0x1a0063b4                Interfaz_Conversion
 .text.Interfaz_CambiarSubmenu
                0x1a0064cc       0x38 ./out/obj/interfaz.o
                0x1a0064cc                Interfaz_CambiarSubmenu
 .text.Interfaz_Revisar
                0x1a006504      0x18c ./out/obj/interfaz.o
                0x1a006504                Interfaz_Revisar
 .text.Interfaz_PosicionarLCD
                0x1a006690       0x78 ./out/obj/interfaz.o
                0x1a006690                Interfaz_PosicionarLCD
 .text.Interfaz_MoverCursor
                0x1a006708      0x23c ./out/obj/interfaz.o
                0x1a006708                Interfaz_MoverCursor
 .text.Interfaz_CambiarMovimientos
                0x1a006944       0x38 ./out/obj/interfaz.o
                0x1a006944                Interfaz_CambiarMovimientos
 .text.Interfaz_CambiarCaracter
                0x1a00697c       0x58 ./out/obj/interfaz.o
                0x1a00697c                Interfaz_CambiarCaracter
 .text.Interfaz_CambiarOperando
                0x1a0069d4       0x58 ./out/obj/interfaz.o
                0x1a0069d4                Interfaz_CambiarOperando
 .text.Interfaz_CambiarValorBinario
                0x1a006a2c       0x58 ./out/obj/interfaz.o
 .text.Interfaz_CambiarValorDecimal
                0x1a006a84       0x58 ./out/obj/interfaz.o
 .text.Interfaz_CambiarValorHexadecimal
                0x1a006adc       0x58 ./out/obj/interfaz.o
 .text.Interfaz_CambiarValor
                0x1a006b34       0x30 ./out/obj/interfaz.o
                0x1a006b34                Interfaz_CambiarValor
 .text.Puertos_Inicializar
                0x1a006b64       0x30 ./out/obj/puertos.o
                0x1a006b64                Puertos_Inicializar
 .text.Puertos_Escribir
                0x1a006b94       0x1c ./out/obj/puertos.o
 .text.Puertos_EscribirGPIO2
                0x1a006bb0       0x3c ./out/obj/puertos.o
                0x1a006bb0                Puertos_EscribirGPIO2
 .text.Puertos_EscribirGPIO3
                0x1a006bec       0x3c ./out/obj/puertos.o
                0x1a006bec                Puertos_EscribirGPIO3
 .text.Puertos_EscribirGPIO5
                0x1a006c28       0x3c ./out/obj/puertos.o
                0x1a006c28                Puertos_EscribirGPIO5
 .text.Puertos_EscribirGPIO7
                0x1a006c64       0x3c ./out/obj/puertos.o
                0x1a006c64                Puertos_EscribirGPIO7
 .text.Puertos_EscribirGPIO8
                0x1a006ca0       0x3c ./out/obj/puertos.o
                0x1a006ca0                Puertos_EscribirGPIO8
 .text.Puertos_EscribirLCD1
                0x1a006cdc       0x3c ./out/obj/puertos.o
                0x1a006cdc                Puertos_EscribirLCD1
 .text.Puertos_EscribirLCD2
                0x1a006d18       0x3c ./out/obj/puertos.o
                0x1a006d18                Puertos_EscribirLCD2
 .text.Puertos_EscribirLCD3
                0x1a006d54       0x3c ./out/obj/puertos.o
                0x1a006d54                Puertos_EscribirLCD3
 .text.Puertos_EscribirLCD4
                0x1a006d90       0x3c ./out/obj/puertos.o
                0x1a006d90                Puertos_EscribirLCD4
 .text.Puertos_EscribirLCD_RS
                0x1a006dcc       0x3c ./out/obj/puertos.o
                0x1a006dcc                Puertos_EscribirLCD_RS
 .text.Puertos_EscribirLCD_EN
                0x1a006e08       0x3c ./out/obj/puertos.o
                0x1a006e08                Puertos_EscribirLCD_EN
 .text.Switches_MenuPrincipal
                0x1a006e44       0x18 ./out/obj/switches.o
                0x1a006e44                Switches_MenuPrincipal
 .text.MostrarCartel
                0x1a006e5c       0x58 ./out/obj/switches.o
 .text.f_0      0x1a006eb4       0x54 ./out/obj/switches.o
 .text.f_1      0x1a006f08       0x58 ./out/obj/switches.o
 .text.f_2      0x1a006f60       0x58 ./out/obj/switches.o
 .text.f_3      0x1a006fb8       0x7c ./out/obj/switches.o
 .text.f_4      0x1a007034        0xc ./out/obj/switches.o
 .text.f_5      0x1a007040       0x80 ./out/obj/switches.o
 .text.f_6      0x1a0070c0       0x58 ./out/obj/switches.o
 .text.f_7      0x1a007118       0x58 ./out/obj/switches.o
 .text.f_8      0x1a007170       0x7c ./out/obj/switches.o
 .text.f_9      0x1a0071ec        0xc ./out/obj/switches.o
 .text.f_10     0x1a0071f8        0xc ./out/obj/switches.o
 .text.Switches_Inicializar
                0x1a007204       0x1c ./out/obj/switches.o
                0x1a007204                Switches_Inicializar
 .text.Switches_Polling
                0x1a007220      0x130 ./out/obj/switches.o
                0x1a007220                Switches_Polling
 .text.Switches_GetEstado
                0x1a007350       0x18 ./out/obj/switches.o
                0x1a007350                Switches_GetEstado
 .text.Registros_ActivarLatch
                0x1a007368        0xc ./out/obj/registros.o
 .text.Registros_DesactivarLatch
                0x1a007374        0xc ./out/obj/registros.o
 .text.Registros_DSColumnas
                0x1a007380       0x24 ./out/obj/registros.o
 .text.Registros_DSFilas
                0x1a0073a4       0x38 ./out/obj/registros.o
 .text.Registros_Columnas
                0x1a0073dc       0x30 ./out/obj/registros.o
 .text.Registros_Filas
                0x1a00740c       0x38 ./out/obj/registros.o
 .text.Registros_EscribirMatriz
                0x1a007444       0x60 ./out/obj/registros.o
                0x1a007444                Registros_EscribirMatriz
 .text.Registros_ActivarColumna
                0x1a0074a4       0x68 ./out/obj/registros.o
                0x1a0074a4                Registros_ActivarColumna
 .text.Tiempo_Delay_ms
                0x1a00750c       0x38 ./out/obj/tiempo.o
                0x1a00750c                Tiempo_Delay_ms
 .text.Calculadora_Codificar3
                0x1a007544      0x4f8 ./out/obj/calculadora.o
 .text.Calculadora_Codificar2
                0x1a007a3c      0x124 ./out/obj/calculadora.o
 .text.Calculadora_Codificar
                0x1a007b60       0xe0 ./out/obj/calculadora.o
 .text.Calculadora_Operando1
                0x1a007c40       0x30 ./out/obj/calculadora.o
                0x1a007c40                Calculadora_Operando1
 .text.Calculadora_Operador
                0x1a007c70       0x20 ./out/obj/calculadora.o
                0x1a007c70                Calculadora_Operador
 .text.Calculadora_Operando2
                0x1a007c90       0x8c ./out/obj/calculadora.o
                0x1a007c90                Calculadora_Operando2
 .text.Calculadora_Calcular
                0x1a007d1c       0xe8 ./out/obj/calculadora.o
                0x1a007d1c                Calculadora_Calcular
 .text.LCD_send_nibble
                0x1a007e04       0x6c ./out/obj/lcd.o
 .text.LCD_send_byte
                0x1a007e70       0x5c ./out/obj/lcd.o
 .text.LCD_flecha_adelante
                0x1a007ecc       0x5c ./out/obj/lcd.o
 .text.LCD_flecha_atras
                0x1a007f28       0x5c ./out/obj/lcd.o
 .text.LCD_escribir_flecha_adelante
                0x1a007f84       0x18 ./out/obj/lcd.o
                0x1a007f84                LCD_escribir_flecha_adelante
 .text.LCD_escribir_flecha_atras
                0x1a007f9c       0x18 ./out/obj/lcd.o
                0x1a007f9c                LCD_escribir_flecha_atras
 .text.LCD_pos_xy
                0x1a007fb4       0x3c ./out/obj/lcd.o
                0x1a007fb4                LCD_pos_xy
 .text.LCD_init
                0x1a007ff0       0xb0 ./out/obj/lcd.o
                0x1a007ff0                LCD_init
 .text.LCD_update
                0x1a0080a0       0xf0 ./out/obj/lcd.o
                0x1a0080a0                LCD_update
 .text.LCD_clear_buffer
                0x1a008190       0x20 ./out/obj/lcd.o
                0x1a008190                LCD_clear_buffer
 .text.LCD_write_string_to_buffer
                0x1a0081b0       0x34 ./out/obj/lcd.o
                0x1a0081b0                LCD_write_string_to_buffer
 .text.LCD_write_char_to_buffer
                0x1a0081e4       0x3c ./out/obj/lcd.o
                0x1a0081e4                LCD_write_char_to_buffer
 .text.LCD_display_on
                0x1a008220       0x24 ./out/obj/lcd.o
                0x1a008220                LCD_display_on
 .text.LCD_cursor_on
                0x1a008244       0x24 ./out/obj/lcd.o
                0x1a008244                LCD_cursor_on
 .text.LCD_cursor_off
                0x1a008268       0x24 ./out/obj/lcd.o
                0x1a008268                LCD_cursor_off
 .text.LCD_cursor_blink_on
                0x1a00828c       0x24 ./out/obj/lcd.o
                0x1a00828c                LCD_cursor_blink_on
 .text.LCD_cursor_blink_off
                0x1a0082b0       0x24 ./out/obj/lcd.o
                0x1a0082b0                LCD_cursor_blink_off
 .text.LCD_end_writing
                0x1a0082d4       0x38 ./out/obj/lcd.o
                0x1a0082d4                LCD_end_writing
 .text.Decodificar_Decimal
                0x1a00830c       0x80 ./out/obj/conversor.o
 .text.Conversor_SetCodificacionInicial
                0x1a00838c       0x20 ./out/obj/conversor.o
                0x1a00838c                Conversor_SetCodificacionInicial
 .text.Conversor_GetCodificacionInicial
                0x1a0083ac       0x18 ./out/obj/conversor.o
                0x1a0083ac                Conversor_GetCodificacionInicial
 .text.Conversor_ValorInicial
                0x1a0083c4       0x38 ./out/obj/conversor.o
                0x1a0083c4                Conversor_ValorInicial
 .text.Conversor_ComprobarDecimal
                0x1a0083fc       0x20 ./out/obj/conversor.o
                0x1a0083fc                Conversor_ComprobarDecimal
 .text.Conversor_SetCodificacionFinal
                0x1a00841c       0x20 ./out/obj/conversor.o
                0x1a00841c                Conversor_SetCodificacionFinal
 .text.Conversor_GetCodificacionFinal
                0x1a00843c       0x18 ./out/obj/conversor.o
                0x1a00843c                Conversor_GetCodificacionFinal
 .text.Codificar_Decimal
                0x1a008454       0x7c ./out/obj/conversor.o
 .text.BinDec   0x1a0084d0       0x48 ./out/obj/conversor.o
 .text.BinDec_Aux
                0x1a008518       0x48 ./out/obj/conversor.o
 .text.BinHex   0x1a008560       0x88 ./out/obj/conversor.o
 .text.BinHex_Aux
                0x1a0085e8       0xd0 ./out/obj/conversor.o
 .text.DecBin   0x1a0086b8       0xa0 ./out/obj/conversor.o
 .text.DecBin_Aux
                0x1a008758       0x94 ./out/obj/conversor.o
 .text.DecHex   0x1a0087ec       0x10 ./out/obj/conversor.o
 .text.HexDec   0x1a0087fc       0x78 ./out/obj/conversor.o
 .text.HexBin   0x1a008874       0x20 ./out/obj/conversor.o
 .text.ConservarValor
                0x1a008894       0x38 ./out/obj/conversor.o
 .text.Conversor_Convertir
                0x1a0088cc       0xe0 ./out/obj/conversor.o
                0x1a0088cc                Conversor_Convertir
 .text.ciaaPOSIX_open
                0x1a0089ac      0x108 ./out/lib/posix.a(ciaaPOSIX_stdio.o)
                0x1a0089ac                ciaaPOSIX_open
 .text.ciaaPOSIX_read
                0x1a008ab4       0x54 ./out/lib/posix.a(ciaaPOSIX_stdio.o)
                0x1a008ab4                ciaaPOSIX_read
 .text.ciaaPOSIX_write
                0x1a008b08       0x54 ./out/lib/posix.a(ciaaPOSIX_stdio.o)
                0x1a008b08                ciaaPOSIX_write
 .text.ciaaPOSIX_printf
                0x1a008b5c       0x20 ./out/lib/posix.a(ciaaPOSIX_stdio.o)
                0x1a008b5c                ciaaPOSIX_printf
 .text.ciaaPOSIX_strlen
                0x1a008b7c       0x30 ./out/lib/posix.a(ciaaPOSIX_string.o)
                0x1a008b7c                ciaaPOSIX_strlen
 .text.ciaaPOSIX_strcat
                0x1a008bac       0x4c ./out/lib/posix.a(ciaaPOSIX_string.o)
                0x1a008bac                ciaaPOSIX_strcat
 .text.ciaaPOSIX_strncmp
                0x1a008bf8       0xa4 ./out/lib/posix.a(ciaaPOSIX_string.o)
                0x1a008bf8                ciaaPOSIX_strncmp
 .text.ciaaPOSIX_memcpy
                0x1a008c9c       0x38 ./out/lib/posix.a(ciaaPOSIX_string.o)
                0x1a008c9c                ciaaPOSIX_memcpy
 .text.ciaaDevices_init
                0x1a008cd4       0x18 ./out/lib/posix.a(ciaaDevices.o)
                0x1a008cd4                ciaaDevices_init
 .text.ciaaDevices_addDevice
                0x1a008cec       0x40 ./out/lib/posix.a(ciaaDevices.o)
                0x1a008cec                ciaaDevices_addDevice
 .text.ciaaDevices_getDevice
                0x1a008d2c       0x7c ./out/lib/posix.a(ciaaDevices.o)
                0x1a008d2c                ciaaDevices_getDevice
 .text.ciaak_start
                0x1a008da8       0x28 ./out/lib/ciaak.a(ciaak_main.o)
                0x1a008da8                ciaak_start
 .text.ciaak_malloc
                0x1a008dd0       0x2c ./out/lib/ciaak.a(ciaak_main.o)
                0x1a008dd0                ciaak_malloc
 .text.Chip_SCU_PinMuxSet
                0x1a008dfc       0x30 ./out/lib/drivers.a(ciaaDriverUart.o)
 .text.Chip_SCU_PinMux
                0x1a008e2c       0x2c ./out/lib/drivers.a(ciaaDriverUart.o)
 .text.Chip_UART_TXEnable
                0x1a008e58       0x18 ./out/lib/drivers.a(ciaaDriverUart.o)
 .text.Chip_UART_SendByte
                0x1a008e70       0x1c ./out/lib/drivers.a(ciaaDriverUart.o)
 .text.Chip_UART_ReadByte
                0x1a008e8c       0x1c ./out/lib/drivers.a(ciaaDriverUart.o)
 .text.Chip_UART_IntEnable
                0x1a008ea8       0x20 ./out/lib/drivers.a(ciaaDriverUart.o)
 .text.Chip_UART_IntDisable
                0x1a008ec8       0x24 ./out/lib/drivers.a(ciaaDriverUart.o)
 .text.Chip_UART_SetupFIFOS
                0x1a008eec       0x1c ./out/lib/drivers.a(ciaaDriverUart.o)
 .text.Chip_UART_ReadLineStatus
                0x1a008f08       0x18 ./out/lib/drivers.a(ciaaDriverUart.o)
 .text.Chip_UART_SetRS485Flags
                0x1a008f20       0x20 ./out/lib/drivers.a(ciaaDriverUart.o)
 .text.ciaaDriverUart_txConfirmation
                0x1a008f40       0x1c ./out/lib/drivers.a(ciaaDriverUart.o)
 .text.ciaaDriverUart_hwInit
                0x1a008f5c       0xc8 ./out/lib/drivers.a(ciaaDriverUart.o)
 .text.ciaaDriverUart_open
                0x1a009024       0x3c ./out/lib/drivers.a(ciaaDriverUart.o)
                0x1a009024                ciaaDriverUart_open
 .text.ciaaDriverUart_close
                0x1a009060       0x20 ./out/lib/drivers.a(ciaaDriverUart.o)
                0x1a009060                ciaaDriverUart_close
 .text.ciaaDriverUart_ioctl
                0x1a009080      0x100 ./out/lib/drivers.a(ciaaDriverUart.o)
                0x1a009080                ciaaDriverUart_ioctl
 .text.ciaaDriverUart_read
                0x1a009180       0xd0 ./out/lib/drivers.a(ciaaDriverUart.o)
                0x1a009180                ciaaDriverUart_read
 .text.ciaaDriverUart_write
                0x1a009250       0x78 ./out/lib/drivers.a(ciaaDriverUart.o)
                0x1a009250                ciaaDriverUart_write
 .text.ciaaDriverUart_init
                0x1a0092c8       0x38 ./out/lib/drivers.a(ciaaDriverUart.o)
                0x1a0092c8                ciaaDriverUart_init
 .text.Chip_SCU_PinMuxSet
                0x1a009300       0x30 ./out/lib/drivers.a(ciaaDriverDio.o)
 .text.Chip_SCU_PinMux
                0x1a009330       0x2c ./out/lib/drivers.a(ciaaDriverDio.o)
 .text.Chip_GPIO_GetPinState
                0x1a00935c       0x38 ./out/lib/drivers.a(ciaaDriverDio.o)
 .text.Chip_GPIO_SetValue
                0x1a009394       0x28 ./out/lib/drivers.a(ciaaDriverDio.o)
 .text.Chip_GPIO_ClearValue
                0x1a0093bc       0x28 ./out/lib/drivers.a(ciaaDriverDio.o)
 .text.ciaa_lpc4337_gpio_init
                0x1a0093e4      0x234 ./out/lib/drivers.a(ciaaDriverDio.o)
                0x1a0093e4                ciaa_lpc4337_gpio_init
 .text.ciaa_lpc4337_writeOutput
                0x1a009618      0x238 ./out/lib/drivers.a(ciaaDriverDio.o)
                0x1a009618                ciaa_lpc4337_writeOutput
 .text.ciaaDriverDio_open
                0x1a009850       0x1c ./out/lib/drivers.a(ciaaDriverDio.o)
                0x1a009850                ciaaDriverDio_open
 .text.ciaaDriverDio_close
                0x1a00986c       0x18 ./out/lib/drivers.a(ciaaDriverDio.o)
                0x1a00986c                ciaaDriverDio_close
 .text.ciaaDriverDio_ioctl
                0x1a009884       0x1c ./out/lib/drivers.a(ciaaDriverDio.o)
                0x1a009884                ciaaDriverDio_ioctl
 .text.ciaaDriverDio_read
                0x1a0098a0       0xf0 ./out/lib/drivers.a(ciaaDriverDio.o)
                0x1a0098a0                ciaaDriverDio_read
 .text.ciaaDriverDio_write
                0x1a009990       0x84 ./out/lib/drivers.a(ciaaDriverDio.o)
                0x1a009990                ciaaDriverDio_write
 .text.ciaaDriverDio_init
                0x1a009a14       0x48 ./out/lib/drivers.a(ciaaDriverDio.o)
                0x1a009a14                ciaaDriverDio_init
 .text.ciaaDriverFlash_init
                0x1a009a5c        0xc ./out/lib/drivers.a(ciaaDriverFlash.o)
                0x1a009a5c                ciaaDriverFlash_init
 .text.NVIC_EnableIRQ
                0x1a009a68       0x30 ./out/lib/drivers.a(ciaaDriverAio.o)
 .text.NVIC_DisableIRQ
                0x1a009a98       0x34 ./out/lib/drivers.a(ciaaDriverAio.o)
 .text.NVIC_SetPriority
                0x1a009acc       0x54 ./out/lib/drivers.a(ciaaDriverAio.o)
 .text.Chip_SCU_DAC_Analog_Config
                0x1a009b20       0x20 ./out/lib/drivers.a(ciaaDriverAio.o)
 .text.Chip_DAC_ConfigDAConverterControl
                0x1a009b40       0x28 ./out/lib/drivers.a(ciaaDriverAio.o)
 .text.Chip_DAC_SetDMATimeOut
                0x1a009b68       0x1c ./out/lib/drivers.a(ciaaDriverAio.o)
 .text.ciaaDriverAio_txConfirmation
                0x1a009b84       0x1c ./out/lib/drivers.a(ciaaDriverAio.o)
 .text.ciaa_lpc4337_aio_init
                0x1a009ba0      0x108 ./out/lib/drivers.a(ciaaDriverAio.o)
                0x1a009ba0                ciaa_lpc4337_aio_init
 .text.ciaaDriverAio_open
                0x1a009ca8       0x1c ./out/lib/drivers.a(ciaaDriverAio.o)
                0x1a009ca8                ciaaDriverAio_open
 .text.ciaaDriverAio_close
                0x1a009cc4       0x70 ./out/lib/drivers.a(ciaaDriverAio.o)
                0x1a009cc4                ciaaDriverAio_close
 .text.ciaaDriverAio_ioctl
                0x1a009d34      0x364 ./out/lib/drivers.a(ciaaDriverAio.o)
                0x1a009d34                ciaaDriverAio_ioctl
 .text.ciaaDriverAio_read
                0x1a00a098       0xdc ./out/lib/drivers.a(ciaaDriverAio.o)
                0x1a00a098                ciaaDriverAio_read
 .text.ciaaDriverAio_write
                0x1a00a174      0x10c ./out/lib/drivers.a(ciaaDriverAio.o)
                0x1a00a174                ciaaDriverAio_write
 .text.ciaaDriverAio_init
                0x1a00a280       0x38 ./out/lib/drivers.a(ciaaDriverAio.o)
                0x1a00a280                ciaaDriverAio_init
 .text.Chip_GPIO_Init
                0x1a00a2b8       0x14 ./out/lib/ext_drivers.a(gpio_18xx_43xx.o)
                0x1a00a2b8                Chip_GPIO_Init
 .text.Chip_GPIO_SetDir
                0x1a00a2cc       0x5c ./out/lib/ext_drivers.a(gpio_18xx_43xx.o)
                0x1a00a2cc                Chip_GPIO_SetDir
 .text.Chip_UART_TXDisable
                0x1a00a328       0x18 ./out/lib/ext_drivers.a(uart_18xx_43xx.o)
 .text.Chip_UART_SetupFIFOS
                0x1a00a340       0x1c ./out/lib/ext_drivers.a(uart_18xx_43xx.o)
 .text.Chip_UART_ConfigData
                0x1a00a35c       0x1c ./out/lib/ext_drivers.a(uart_18xx_43xx.o)
 .text.Chip_UART_EnableDivisorAccess
                0x1a00a378       0x20 ./out/lib/ext_drivers.a(uart_18xx_43xx.o)
 .text.Chip_UART_DisableDivisorAccess
                0x1a00a398       0x20 ./out/lib/ext_drivers.a(uart_18xx_43xx.o)
 .text.Chip_UART_SetDivisorLatches
                0x1a00a3b8       0x28 ./out/lib/ext_drivers.a(uart_18xx_43xx.o)
 .text.Chip_UART_GetIndex
                0x1a00a3e0       0x60 ./out/lib/ext_drivers.a(uart_18xx_43xx.o)
 .text.Chip_UART_Init
                0x1a00a440       0x84 ./out/lib/ext_drivers.a(uart_18xx_43xx.o)
                0x1a00a440                Chip_UART_Init
 .text.Chip_UART_SetBaud
                0x1a00a4c4       0x70 ./out/lib/ext_drivers.a(uart_18xx_43xx.o)
                0x1a00a4c4                Chip_UART_SetBaud
 .text.ResetISR
                0x1a00a534       0xe4 ./out/lib/ext_drivers.a(cr_startup_lpc43xx.o)
                0x1a00a534                ResetISR
 .text.getFullConvClk
                0x1a00a618       0x10 ./out/lib/ext_drivers.a(adc_18xx_43xx.o)
 .text.Chip_ADC_GetClockIndex
                0x1a00a628       0x2c ./out/lib/ext_drivers.a(adc_18xx_43xx.o)
 .text.getClkDiv
                0x1a00a654       0x60 ./out/lib/ext_drivers.a(adc_18xx_43xx.o)
 .text.setStartMode
                0x1a00a6b4       0x2c ./out/lib/ext_drivers.a(adc_18xx_43xx.o)
                0x1a00a6b4                setStartMode
 .text.Chip_ADC_Init
                0x1a00a6e0       0x84 ./out/lib/ext_drivers.a(adc_18xx_43xx.o)
                0x1a00a6e0                Chip_ADC_Init
 .text.Chip_ADC_Int_SetChannelCmd
                0x1a00a764       0x48 ./out/lib/ext_drivers.a(adc_18xx_43xx.o)
                0x1a00a764                Chip_ADC_Int_SetChannelCmd
 .text.Chip_ADC_SetStartMode
                0x1a00a7ac       0x4c ./out/lib/ext_drivers.a(adc_18xx_43xx.o)
                0x1a00a7ac                Chip_ADC_SetStartMode
 .text.Chip_ADC_SetSampleRate
                0x1a00a7f8       0x64 ./out/lib/ext_drivers.a(adc_18xx_43xx.o)
                0x1a00a7f8                Chip_ADC_SetSampleRate
 .text.Chip_ADC_SetResolution
                0x1a00a85c       0x28 ./out/lib/ext_drivers.a(adc_18xx_43xx.o)
                0x1a00a85c                Chip_ADC_SetResolution
 .text.Chip_ADC_EnableChannel
                0x1a00a884       0x54 ./out/lib/ext_drivers.a(adc_18xx_43xx.o)
                0x1a00a884                Chip_ADC_EnableChannel
 .text.Chip_ADC_SetBurstCmd
                0x1a00a8d8       0x3c ./out/lib/ext_drivers.a(adc_18xx_43xx.o)
                0x1a00a8d8                Chip_ADC_SetBurstCmd
 .text.configDMAMux
                0x1a00a914      0x1fc ./out/lib/ext_drivers.a(gpdma_18xx_43xx.o)
 .text.makeCtrlWord
                0x1a00ab10      0x128 ./out/lib/ext_drivers.a(gpdma_18xx_43xx.o)
                0x1a00ab10                makeCtrlWord
 .text.setupChannel
                0x1a00ac38       0xc0 ./out/lib/ext_drivers.a(gpdma_18xx_43xx.o)
                0x1a00ac38                setupChannel
 .text.Chip_GPDMA_Init
                0x1a00acf8       0x68 ./out/lib/ext_drivers.a(gpdma_18xx_43xx.o)
                0x1a00acf8                Chip_GPDMA_Init
 .text.Chip_GPDMA_InitChannelCfg
                0x1a00ad60       0xe4 ./out/lib/ext_drivers.a(gpdma_18xx_43xx.o)
                0x1a00ad60                Chip_GPDMA_InitChannelCfg
 .text.Chip_GPDMA_IntGetStatus
                0x1a00ae44       0xc0 ./out/lib/ext_drivers.a(gpdma_18xx_43xx.o)
                0x1a00ae44                Chip_GPDMA_IntGetStatus
 .text.Chip_GPDMA_ChannelCmd
                0x1a00af04       0x48 ./out/lib/ext_drivers.a(gpdma_18xx_43xx.o)
                0x1a00af04                Chip_GPDMA_ChannelCmd
 .text.Chip_GPDMA_Transfer
                0x1a00af4c       0xf8 ./out/lib/ext_drivers.a(gpdma_18xx_43xx.o)
                0x1a00af4c                Chip_GPDMA_Transfer
 .text.Chip_GPDMA_GetFreeChannel
                0x1a00b044       0x58 ./out/lib/ext_drivers.a(gpdma_18xx_43xx.o)
                0x1a00b044                Chip_GPDMA_GetFreeChannel
 .text.Chip_DAC_Init
                0x1a00b09c       0x24 ./out/lib/ext_drivers.a(dac_18xx_43xx.o)
                0x1a00b09c                Chip_DAC_Init
 .text.Chip_DAC_SetBias
                0x1a00b0c0       0x34 ./out/lib/ext_drivers.a(dac_18xx_43xx.o)
                0x1a00b0c0                Chip_DAC_SetBias
 .text.ABS      0x1a00b0f4       0x24 ./out/lib/ext_drivers.a(clock_18xx_43xx.o)
 .text.pll_calc_divs
                0x1a00b118      0x11c ./out/lib/ext_drivers.a(clock_18xx_43xx.o)
 .text.pll_get_frac
                0x1a00b234      0x178 ./out/lib/ext_drivers.a(clock_18xx_43xx.o)
 .text.Chip_Clock_GetDivRate
                0x1a00b3ac       0x40 ./out/lib/ext_drivers.a(clock_18xx_43xx.o)
 .text.Chip_Clock_FindBaseClock
                0x1a00b3ec       0x88 ./out/lib/ext_drivers.a(clock_18xx_43xx.o)
 .text.Chip_Clock_EnableCrystal
                0x1a00b474       0x6c ./out/lib/ext_drivers.a(clock_18xx_43xx.o)
                0x1a00b474                Chip_Clock_EnableCrystal
 .text.Chip_Clock_CalcMainPLLValue
                0x1a00b4e0       0xd4 ./out/lib/ext_drivers.a(clock_18xx_43xx.o)
                0x1a00b4e0                Chip_Clock_CalcMainPLLValue
 .text.Chip_Clock_GetMainPLLHz
                0x1a00b5b4       0xc0 ./out/lib/ext_drivers.a(clock_18xx_43xx.o)
                0x1a00b5b4                Chip_Clock_GetMainPLLHz
 .text.Chip_Clock_GetDividerSource
                0x1a00b674       0x40 ./out/lib/ext_drivers.a(clock_18xx_43xx.o)
                0x1a00b674                Chip_Clock_GetDividerSource
 .text.Chip_Clock_GetDividerDivisor
                0x1a00b6b4       0x38 ./out/lib/ext_drivers.a(clock_18xx_43xx.o)
                0x1a00b6b4                Chip_Clock_GetDividerDivisor
 .text.Chip_Clock_GetClockInputHz
                0x1a00b6ec      0x140 ./out/lib/ext_drivers.a(clock_18xx_43xx.o)
                0x1a00b6ec                Chip_Clock_GetClockInputHz
 .text.Chip_Clock_GetBaseClocktHz
                0x1a00b82c       0x24 ./out/lib/ext_drivers.a(clock_18xx_43xx.o)
                0x1a00b82c                Chip_Clock_GetBaseClocktHz
 .text.Chip_Clock_SetBaseClock
                0x1a00b850       0x8c ./out/lib/ext_drivers.a(clock_18xx_43xx.o)
                0x1a00b850                Chip_Clock_SetBaseClock
 .text.Chip_Clock_GetBaseClock
                0x1a00b8dc       0x4c ./out/lib/ext_drivers.a(clock_18xx_43xx.o)
                0x1a00b8dc                Chip_Clock_GetBaseClock
 .text.Chip_Clock_EnableOpts
                0x1a00b928       0x7c ./out/lib/ext_drivers.a(clock_18xx_43xx.o)
                0x1a00b928                Chip_Clock_EnableOpts
 .text.Chip_Clock_GetRate
                0x1a00b9a4       0x88 ./out/lib/ext_drivers.a(clock_18xx_43xx.o)
                0x1a00b9a4                Chip_Clock_GetRate
 .text.SystemInit
                0x1a00ba2c       0x1c ./out/lib/ext_drivers.a(sysinit.o)
                0x1a00ba2c                SystemInit
 .text.fpuInit  0x1a00ba48       0x74 ./out/lib/ext_drivers.a(fpu_init.o)
                0x1a00ba48                fpuInit
 .text.Chip_Clock_DisableMainPLL
                0x1a00babc       0x1c ./out/lib/ext_drivers.a(sysinit_18xx_43xx.o)
 .text.Chip_Clock_SetupMainPLL
                0x1a00bad8       0x40 ./out/lib/ext_drivers.a(sysinit_18xx_43xx.o)
 .text.Chip_Clock_MainPLLLocked
                0x1a00bb18       0x24 ./out/lib/ext_drivers.a(sysinit_18xx_43xx.o)
 .text.Chip_SetupCoreClock
                0x1a00bb3c      0x15c ./out/lib/ext_drivers.a(sysinit_18xx_43xx.o)
                0x1a00bb3c                Chip_SetupCoreClock
 .text.Chip_SetupIrcClocking
                0x1a00bc98       0x14 ./out/lib/ext_drivers.a(sysinit_18xx_43xx.o)
                0x1a00bc98                Chip_SetupIrcClocking
 .text.Chip_SystemInit
                0x1a00bcac        0xc ./out/lib/ext_drivers.a(sysinit_18xx_43xx.o)
                0x1a00bcac                Chip_SystemInit
 .text.StartOS  0x1a00bcb8       0xc8 ./out/lib/rtos.a(StartOS.o)
                0x1a00bcb8                StartOS
 .text.AddReady
                0x1a00bd80       0xb0 ./out/lib/rtos.a(Os_Internal.o)
                0x1a00bd80                AddReady
 .text.RemoveTask
                0x1a00be30       0x98 ./out/lib/rtos.a(Os_Internal.o)
                0x1a00be30                RemoveTask
 .text.GetNextTask
                0x1a00bec8       0xe8 ./out/lib/rtos.a(Os_Internal.o)
                0x1a00bec8                GetNextTask
 .text.OSEK_ISR_NoHandler
                0x1a00bfb0        0x8 ./out/lib/rtos.a(Os_Internal.o)
                0x1a00bfb0                OSEK_ISR_NoHandler
 .text.IncrementAlarm
                0x1a00bfb8      0x228 ./out/lib/rtos.a(Os_Internal.o)
                0x1a00bfb8                IncrementAlarm
 .text.IncrementCounter
                0x1a00c1e0       0xe8 ./out/lib/rtos.a(Os_Internal.o)
                0x1a00c1e0                IncrementCounter
 .text.Schedule_Int
                0x1a00c2c8      0x2bc ./out/lib/rtos.a(Schedule.o)
                0x1a00c2c8                Schedule_Int
 .text.ActivateTask
                0x1a00c584      0x190 ./out/lib/rtos.a(ActivateTask.o)
                0x1a00c584                ActivateTask
 .text.TerminateTask
                0x1a00c714      0x158 ./out/lib/rtos.a(TerminateTask.o)
                0x1a00c714                TerminateTask
 .text.ShutdownOS
                0x1a00c86c        0xc ./out/lib/rtos.a(ShutdownOS.o)
                0x1a00c86c                ShutdownOS
 .text.GetResource
                0x1a00c878      0x168 ./out/lib/rtos.a(GetResource.o)
                0x1a00c878                GetResource
 .text.ReleaseResource
                0x1a00c9e0      0x188 ./out/lib/rtos.a(ReleaseResource.o)
                0x1a00c9e0                ReleaseResource
 .text.SetRelAlarm
                0x1a00cb68      0x194 ./out/lib/rtos.a(SetRelAlarm.o)
                0x1a00cb68                SetRelAlarm
 .text.StartOs_Arch_Cpu
                0x1a00ccfc       0x10 ./out/lib/rtos.a(StartOs_Arch.o)
                0x1a00ccfc                StartOs_Arch_Cpu
 .text.StartOs_Arch
                0x1a00cd0c       0x2c ./out/lib/rtos.a(StartOs_Arch.o)
                0x1a00cd0c                StartOs_Arch
 .text.ReturnHook_Arch
                0x1a00cd38        0x8 ./out/lib/rtos.a(Os_Internal_Arch.o)
                0x1a00cd38                ReturnHook_Arch
 .text.CheckTerminatingTask_Arch
                0x1a00cd40       0x24 ./out/lib/rtos.a(Os_Internal_Arch.o)
                0x1a00cd40                CheckTerminatingTask_Arch
 .text.InitStack_Arch
                0x1a00cd64       0xc4 ./out/lib/rtos.a(Os_Internal_Arch.o)
                0x1a00cd64                InitStack_Arch
 .text.SysTick_Handler
                0x1a00ce28       0x68 ./out/lib/rtos.a(Os_Internal_Arch.o)
                0x1a00ce28                SysTick_Handler
 .text.Enable_User_ISRs
                0x1a00ce90        0xc ./out/lib/rtos.a(Os_Internal_Arch_Cfg.o)
                0x1a00ce90                Enable_User_ISRs
 .text.SetEvent
                0x1a00ce9c      0x228 ./out/lib/rtos.a(SetEvent.o)
                0x1a00ce9c                SetEvent
 .text.NVIC_SetPriority
                0x1a00d0c4       0x54 ./out/lib/rtos.a(StartOs_Arch_SysTick.o)
 .text.SysTick_Config
                0x1a00d118       0x44 ./out/lib/rtos.a(StartOs_Arch_SysTick.o)
 .text.StartOs_Arch_SysTick
                0x1a00d15c       0x48 ./out/lib/rtos.a(StartOs_Arch_SysTick.o)
                0x1a00d15c                StartOs_Arch_SysTick
 .text          0x1a00d1a4       0x7c ./out/lib/rtos.a(PendSV.o)
                0x1a00d1a4                PendSV_Handler
 .text.ciaaSerialDevices_init
                0x1a00d220       0x58 ./out/lib/posix.a(ciaaSerialDevices.o)
                0x1a00d220                ciaaSerialDevices_init
 .text.ciaaSerialDevices_addDriver
                0x1a00d278      0x170 ./out/lib/posix.a(ciaaSerialDevices.o)
                0x1a00d278                ciaaSerialDevices_addDriver
 .text.ciaaSerialDevices_open
                0x1a00d3e8       0x74 ./out/lib/posix.a(ciaaSerialDevices.o)
                0x1a00d3e8                ciaaSerialDevices_open
 .text.ciaaSerialDevices_close
                0x1a00d45c       0x20 ./out/lib/posix.a(ciaaSerialDevices.o)
                0x1a00d45c                ciaaSerialDevices_close
 .text.ciaaSerialDevices_ioctl
                0x1a00d47c       0xe8 ./out/lib/posix.a(ciaaSerialDevices.o)
                0x1a00d47c                ciaaSerialDevices_ioctl
 .text.ciaaSerialDevices_read
                0x1a00d564       0xb8 ./out/lib/posix.a(ciaaSerialDevices.o)
                0x1a00d564                ciaaSerialDevices_read
 .text.ciaaSerialDevices_write
                0x1a00d61c       0xd4 ./out/lib/posix.a(ciaaSerialDevices.o)
                0x1a00d61c                ciaaSerialDevices_write
 .text.ciaaSerialDevices_txConfirmation
                0x1a00d6f0      0x12c ./out/lib/posix.a(ciaaSerialDevices.o)
                0x1a00d6f0                ciaaSerialDevices_txConfirmation
 .text.ciaaBlockDevices_init
                0x1a00d81c       0x4c ./out/lib/posix.a(ciaaBlockDevices.o)
                0x1a00d81c                ciaaBlockDevices_init
 .text.ciaaPOSIX_chunk_partition
                0x1a00d868       0x5c ./out/lib/posix.a(ciaaPOSIX_stdlib.o)
 .text.ciaaPOSIX_stdlib_init
                0x1a00d8c4       0x44 ./out/lib/posix.a(ciaaPOSIX_stdlib.o)
                0x1a00d8c4                ciaaPOSIX_stdlib_init
 .text.ciaaPOSIX_malloc
                0x1a00d908       0x60 ./out/lib/posix.a(ciaaPOSIX_stdlib.o)
                0x1a00d908                ciaaPOSIX_malloc
 .text.ciaaPOSIX_sem_init
                0x1a00d968       0x18 ./out/lib/posix.a(ciaaPOSIX_semaphore.o)
                0x1a00d968                ciaaPOSIX_sem_init
 .text.ciaaPOSIX_sem_wait
                0x1a00d980       0x18 ./out/lib/posix.a(ciaaPOSIX_semaphore.o)
                0x1a00d980                ciaaPOSIX_sem_wait
 .text.ciaaPOSIX_sem_post
                0x1a00d998       0x18 ./out/lib/posix.a(ciaaPOSIX_semaphore.o)
                0x1a00d998                ciaaPOSIX_sem_post
 .text.ciaaDioDevices_addDriver
                0x1a00d9b0       0xf8 ./out/lib/posix.a(ciaaDioDevices.o)
                0x1a00d9b0                ciaaDioDevices_addDriver
 .text.ciaaDioDevices_open
                0x1a00daa8       0x50 ./out/lib/posix.a(ciaaDioDevices.o)
                0x1a00daa8                ciaaDioDevices_open
 .text.ciaaDioDevices_close
                0x1a00daf8       0x20 ./out/lib/posix.a(ciaaDioDevices.o)
                0x1a00daf8                ciaaDioDevices_close
 .text.ciaaDioDevices_ioctl
                0x1a00db18       0x2c ./out/lib/posix.a(ciaaDioDevices.o)
                0x1a00db18                ciaaDioDevices_ioctl
 .text.ciaaDioDevices_read
                0x1a00db44       0x2c ./out/lib/posix.a(ciaaDioDevices.o)
                0x1a00db44                ciaaDioDevices_read
 .text.ciaaDioDevices_write
                0x1a00db70       0x2c ./out/lib/posix.a(ciaaDioDevices.o)
                0x1a00db70                ciaaDioDevices_write
 .text.SystemCoreClockUpdate
                0x1a00db9c       0x18 ./out/lib/ext_drivers.a(chip_18xx_43xx.o)
                0x1a00db9c                SystemCoreClockUpdate
 .text.GetTaskID
                0x1a00dbb4       0x24 ./out/lib/rtos.a(GetTaskID.o)
                0x1a00dbb4                GetTaskID
 .text.ClearEvent
                0x1a00dbd8      0x11c ./out/lib/rtos.a(ClearEvent.o)
                0x1a00dbd8                ClearEvent
 .text.WaitEvent
                0x1a00dcf4      0x22c ./out/lib/rtos.a(WaitEvent.o)
                0x1a00dcf4                WaitEvent
 .text.ciaaLibs_circBufInit
                0x1a00df20       0x5c ./out/lib/libs.a(ciaaLibs_CircBuf.o)
                0x1a00df20                ciaaLibs_circBufInit
 .text.ciaaLibs_circBufPut
                0x1a00df7c       0xcc ./out/lib/libs.a(ciaaLibs_CircBuf.o)
                0x1a00df7c                ciaaLibs_circBufPut
 .text.ciaaLibs_circBufGet
                0x1a00e048       0xc8 ./out/lib/libs.a(ciaaLibs_CircBuf.o)
                0x1a00e048                ciaaLibs_circBufGet
 .text.memset   0x1a00e110       0x94 c:/ciaa/cygwin/usr/arm-none-eabi/bin/../lib/gcc/arm-none-eabi/4.8.4/../../../../arm-none-eabi/lib/armv7e-m/softfp\libc.a(lib_a-memset.o)
                0x1a00e110                memset
 *(.rodata .rodata.* .constdata .constdata.*)
 .rodata        0x1a00e1a4       0x48 ./out/obj/proyecto.o
 .rodata.anchos_max
                0x1a00e1ec       0x34 ./out/obj/matriz.o
 .rodata.anchos_min
                0x1a00e220       0x34 ./out/obj/matriz.o
 .rodata        0x1a00e254      0xa64 ./out/obj/matriz.o
 .rodata.caracteres
                0x1a00ecb8       0x2c ./out/obj/interfaz.o
 .rodata.decimales
                0x1a00ece4        0xc ./out/obj/interfaz.o
 .rodata.hexadecimales
                0x1a00ecf0       0x14 ./out/obj/interfaz.o
 .rodata.binarios
                0x1a00ed04        0x4 ./out/obj/interfaz.o
 .rodata        0x1a00ed08      0x148 ./out/obj/interfaz.o
 .rodata        0x1a00ee50       0x10 ./out/obj/puertos.o
 .rodata        0x1a00ee60       0x10 ./out/obj/switches.o
 .rodata.digitos
                0x1a00ee70        0xc ./out/obj/calculadora.o
 .rodata.hexadecimales
                0x1a00ee7c       0x10 ./out/obj/conversor.o
 .rodata.decimales
                0x1a00ee8c       0x10 ./out/obj/conversor.o
 .rodata.potencias10.4203
                0x1a00ee9c        0x4 ./out/obj/conversor.o
 .rodata.potencias2.4240
                0x1a00eea0        0x8 ./out/obj/conversor.o
 .rodata.potencias2.4249
                0x1a00eea8        0x4 ./out/obj/conversor.o
 .rodata.potencias16.4318
                0x1a00eeac        0x4 ./out/obj/conversor.o
 .rodata        0x1a00eeb0       0x30 ./out/lib/posix.a(ciaaPOSIX_stdio.o)
 .rodata        0x1a00eee0       0x2c ./out/lib/posix.a(ciaaPOSIX_assert.o)
 .rodata.ciaaPOSIX_assert_msg
                0x1a00ef0c        0x4 ./out/lib/posix.a(ciaaPOSIX_assert.o)
                0x1a00ef0c                ciaaPOSIX_assert_msg
 .rodata        0x1a00ef10       0x20 ./out/lib/ciaak.a(ciaak_main.o)
 .rodata        0x1a00ef30       0x18 ./out/lib/drivers.a(ciaaDriverUart.o)
 .rodata.ciaaUartDevices
                0x1a00ef48        0xc ./out/lib/drivers.a(ciaaDriverUart.o)
 .rodata        0x1a00ef54       0x10 ./out/lib/drivers.a(ciaaDriverDio.o)
 .rodata.ciaaDioDevices
                0x1a00ef64        0x8 ./out/lib/drivers.a(ciaaDriverDio.o)
 .rodata        0x1a00ef6c       0x24 ./out/lib/drivers.a(ciaaDriverAio.o)
 .rodata.ciaaAioDevices
                0x1a00ef90        0xc ./out/lib/drivers.a(ciaaDriverAio.o)
 .rodata.UART_PClock
                0x1a00ef9c        0x8 ./out/lib/ext_drivers.a(uart_18xx_43xx.o)
 .rodata.UART_BClock
                0x1a00efa4        0x8 ./out/lib/ext_drivers.a(uart_18xx_43xx.o)
 .rodata.GPDMA_LUTPerBurst
                0x1a00efac       0x20 ./out/lib/ext_drivers.a(gpdma_18xx_43xx.o)
 .rodata.GPDMA_LUTPerWid
                0x1a00efcc       0x20 ./out/lib/ext_drivers.a(gpdma_18xx_43xx.o)
 .rodata.periph_to_base
                0x1a00efec       0x6c ./out/lib/ext_drivers.a(clock_18xx_43xx.o)
 .rodata        0x1a00f058        0xc ./out/lib/ext_drivers.a(clock_18xx_43xx.o)
 .rodata.ExtRateIn
                0x1a00f064        0x4 ./out/lib/ext_drivers.a(sysinit.o)
                0x1a00f064                ExtRateIn
 .rodata.OscRateIn
                0x1a00f068        0x4 ./out/lib/ext_drivers.a(sysinit.o)
                0x1a00f068                OscRateIn
 .rodata.InitClkStates
                0x1a00f06c       0x48 ./out/lib/ext_drivers.a(sysinit_18xx_43xx.o)
 .rodata.OSEK_ALARMLIST_HardwareCounter
                0x1a00f0b4        0x4 ./out/lib/rtos.a(Os_Internal_Cfg.o)
                0x1a00f0b4                OSEK_ALARMLIST_HardwareCounter
 .rodata.TasksConst
                0x1a00f0b8       0x8c ./out/lib/rtos.a(Os_Internal_Cfg.o)
                0x1a00f0b8                TasksConst
 .rodata.TasksAppModeAppMode1
                0x1a00f144        0x4 ./out/lib/rtos.a(Os_Internal_Cfg.o)
                0x1a00f144                TasksAppModeAppMode1
 .rodata.AutoStart
                0x1a00f148        0x8 ./out/lib/rtos.a(Os_Internal_Cfg.o)
                0x1a00f148                AutoStart
 .rodata.ReadyConst
                0x1a00f150       0x28 ./out/lib/rtos.a(Os_Internal_Cfg.o)
                0x1a00f150                ReadyConst
 .rodata.ResourcesPriority
                0x1a00f178        0x4 ./out/lib/rtos.a(Os_Internal_Cfg.o)
                0x1a00f178                ResourcesPriority
 .rodata.AlarmsConst
                0x1a00f17c       0x50 ./out/lib/rtos.a(Os_Internal_Cfg.o)
                0x1a00f17c                AlarmsConst
 .rodata.CountersConst
                0x1a00f1cc       0x14 ./out/lib/rtos.a(Os_Internal_Cfg.o)
                0x1a00f1cc                CountersConst
 .rodata        0x1a00f1e0       0xa0 ./out/lib/posix.a(ciaaSerialDevices.o)
 .rodata        0x1a00f280       0x5c ./out/lib/posix.a(ciaaDioDevices.o)
                0x1a00f2dc                . = ALIGN (0x4)

.glue_7         0x1a00f2dc        0x0
 .glue_7        0x00000000        0x0 linker stubs

.glue_7t        0x1a00f2dc        0x0
 .glue_7t       0x00000000        0x0 linker stubs

.vfp11_veneer   0x1a00f2dc        0x0
 .vfp11_veneer  0x00000000        0x0 linker stubs

.v4_bx          0x1a00f2dc        0x0
 .v4_bx         0x00000000        0x0 linker stubs

.iplt           0x1a00f2dc        0x0
 .iplt          0x00000000        0x0 ./out/obj/proyecto.o

.rel.dyn        0x1a00f2dc        0x0
 .rel.iplt      0x00000000        0x0 ./out/obj/proyecto.o

.ARM.extab
 *(.ARM.extab* .gnu.linkonce.armextab.*)
                0x1a00f2dc                __exidx_start = .

.ARM.exidx
 *(.ARM.exidx* .gnu.linkonce.armexidx.*)
                0x1a00f2dc                __exidx_end = .
                0x1a00f2dc                _etext = .

.data_RAM2      0x10080000        0x0 load address 0x1a00f2dc
 FILL mask 0xff
 *(.ramfunc.$RAM2)
 *(.ramfunc.$RamLoc40)
 *(.data.$RAM2*)
 *(.data.$RamLoc40*)
                0x10080000                . = ALIGN (0x4)

.data_RAM3      0x20000000        0x0 load address 0x1a00f2dc
 FILL mask 0xff
 *(.ramfunc.$RAM3)
 *(.ramfunc.$RamAHB32)
 *(.data.$RAM3*)
 *(.data.$RamAHB32*)
                0x20000000                . = ALIGN (0x4)

.data_RAM4      0x20008000        0x0 load address 0x1a00f2dc
 FILL mask 0xff
 *(.ramfunc.$RAM4)
 *(.ramfunc.$RamAHB16)
 *(.data.$RAM4*)
 *(.data.$RamAHB16*)
                0x20008000                . = ALIGN (0x4)

.data_RAM5      0x2000c000        0x0 load address 0x1a00f2dc
 FILL mask 0xff
 *(.ramfunc.$RAM5)
 *(.ramfunc.$RamAHB_ETB16)
 *(.data.$RAM5*)
 *(.data.$RamAHB_ETB16*)
                0x2000c000                . = ALIGN (0x4)

.uninit_RESERVED
                0x10000000        0x0
 *(.bss.$RESERVED*)
                0x10000000                . = ALIGN (0x4)
                0x10000000                _end_uninit_RESERVED = .

.data           0x10000000      0x2c0 load address 0x1a00f2dc
 FILL mask 0xff
                0x10000000                _data = .
 *(vtable)
 *(.ramfunc*)
 *(.data*)
 .data.alto_caracter
                0x10000000        0x1 ./out/obj/matriz.o
 .data.velocidad
                0x10000001        0x1 ./out/obj/matriz.o
 .data.desp     0x10000002        0x2 ./out/obj/matriz.o
 .data.f_caracteres
                0x10000004       0xc8 ./out/obj/matriz.o
 .data.cambiar_posterior
                0x100000cc        0x1 ./out/obj/interfaz.o
 .data.mover_derecha
                0x100000cd        0x1 ./out/obj/interfaz.o
 .data.tiempo   0x100000ce        0x1 ./out/obj/interfaz.o
 .data.submenu  0x100000cf        0x1 ./out/obj/interfaz.o
 .data.long_buffer
                0x100000d0        0x1 ./out/obj/interfaz.o
 *fill*         0x100000d1        0x3 
 .data.f_estados
                0x100000d4       0x2c ./out/obj/switches.o
 .data.ciaaDriverUart_device0
                0x10000100       0x28 ./out/lib/drivers.a(ciaaDriverUart.o)
 .data.ciaaDriverUart_device1
                0x10000128       0x28 ./out/lib/drivers.a(ciaaDriverUart.o)
 .data.ciaaDriverUart_device2
                0x10000150       0x28 ./out/lib/drivers.a(ciaaDriverUart.o)
 .data.ciaaDriverDio_in0
                0x10000178       0x28 ./out/lib/drivers.a(ciaaDriverDio.o)
 .data.ciaaDriverDio_out0
                0x100001a0       0x28 ./out/lib/drivers.a(ciaaDriverDio.o)
 .data.ciaaDriverAio_in0
                0x100001c8       0x28 ./out/lib/drivers.a(ciaaDriverAio.o)
 .data.ciaaDriverAio_in1
                0x100001f0       0x28 ./out/lib/drivers.a(ciaaDriverAio.o)
 .data.ciaaDriverAio_out0
                0x10000218       0x28 ./out/lib/drivers.a(ciaaDriverAio.o)
 .data.GPDMA_LUTPerAddr
                0x10000240       0x78 ./out/lib/ext_drivers.a(gpdma_18xx_43xx.o)
 .data.TerminatingTask
                0x100002b8        0x1 ./out/lib/rtos.a(Os_Internal_Arch.o)
                0x100002b8                TerminatingTask
 .data.WaitingTask
                0x100002b9        0x1 ./out/lib/rtos.a(Os_Internal_Arch.o)
                0x100002b9                WaitingTask
 *fill*         0x100002ba        0x2 
 .data.CounterIncrement.4322
                0x100002bc        0x4 ./out/lib/rtos.a(Os_Internal_Arch.o)
                0x100002c0                . = ALIGN (0x4)
                0x100002c0                _edata = .

.igot.plt       0x100002c0        0x0 load address 0x1a00f59c
 .igot.plt      0x00000000        0x0 ./out/obj/proyecto.o

.bss_RAM2       0x10080000        0x0
 *(.bss.$RAM2*)
 *(.bss.$RamLoc40*)
                0x10080000                . = ALIGN (0x4)

.bss_RAM3       0x20000000        0x0
 *(.bss.$RAM3*)
 *(.bss.$RamAHB32*)
                0x20000000                . = ALIGN (0x4)

.bss_RAM4       0x20008000        0x0
 *(.bss.$RAM4*)
 *(.bss.$RamAHB16*)
                0x20008000                . = ALIGN (0x4)

.bss_RAM5       0x2000c000        0x0
 *(.bss.$RAM5*)
 *(.bss.$RamAHB_ETB16*)
                0x2000c000                . = ALIGN (0x4)

.bss            0x100002c0     0x3ab8
                0x100002c0                _bss = .
 *(.bss*)
 .bss.detener   0x100002c0        0x1 ./out/obj/matriz.o
 *fill*         0x100002c1        0x3 
 .bss.matriz_leds
                0x100002c4       0x8c ./out/obj/matriz.o
 .bss.desp_local
                0x10000350        0x2 ./out/obj/matriz.o
 .bss.desp_minimo
                0x10000352        0x2 ./out/obj/matriz.o
 .bss.mensaje   0x10000354       0x14 ./out/obj/matriz.o
 .bss.long_mensaje
                0x10000368        0x1 ./out/obj/matriz.o
 .bss.tiempo    0x10000369        0x1 ./out/obj/matriz.o
 .bss.i_caracteres
                0x1000036a        0x1 ./out/obj/interfaz.o
 .bss.i_decimales
                0x1000036b        0x1 ./out/obj/interfaz.o
 .bss.i_hexadecimales
                0x1000036c        0x1 ./out/obj/interfaz.o
 .bss.i_binarios
                0x1000036d        0x1 ./out/obj/interfaz.o
 *fill*         0x1000036e        0x2 
 .bss.buffer    0x10000370       0x14 ./out/obj/interfaz.o
 .bss.i_buffer  0x10000384        0x1 ./out/obj/interfaz.o
 .bss.escribir_mensaje
                0x10000385        0x1 ./out/obj/interfaz.o
 *fill*         0x10000386        0x2 
 .bss.file_out  0x10000388        0x4 ./out/obj/puertos.o
 .bss.outputs   0x1000038c        0x2 ./out/obj/puertos.o
 *fill*         0x1000038e        0x2 
 .bss.file_in   0x10000390        0x4 ./out/obj/switches.o
 .bss.inputs    0x10000394        0x1 ./out/obj/switches.o
 .bss.switch1   0x10000395        0x1 ./out/obj/switches.o
 .bss.switch2   0x10000396        0x1 ./out/obj/switches.o
 .bss.switch3   0x10000397        0x1 ./out/obj/switches.o
 .bss.switch4   0x10000398        0x1 ./out/obj/switches.o
 .bss.estado    0x10000399        0x1 ./out/obj/switches.o
 .bss.rebote    0x1000039a        0x1 ./out/obj/switches.o
 .bss.tiempo    0x1000039b        0x1 ./out/obj/switches.o
 .bss.matriz_leds
                0x1000039c       0x8c ./out/obj/registros.o
 .bss.indice_columna.4596
                0x10000428        0x1 ./out/obj/registros.o
 *fill*         0x10000429        0x1 
 .bss.operando1
                0x1000042a        0x2 ./out/obj/calculadora.o
 .bss.operando2
                0x1000042c        0x2 ./out/obj/calculadora.o
 .bss.operador  0x1000042e        0x1 ./out/obj/calculadora.o
 *fill*         0x1000042f        0x1 
 .bss.resultado
                0x10000430        0x2 ./out/obj/calculadora.o
 *fill*         0x10000432        0x2 
 .bss.operacion
                0x10000434       0x14 ./out/obj/calculadora.o
 .bss.long_operacion
                0x10000448        0x1 ./out/obj/calculadora.o
 .bss.Lcd_Indice_Lectura
                0x10000449        0x1 ./out/obj/lcd.o
 .bss.Lcd_Indice_Escritura
                0x1000044a        0x1 ./out/obj/lcd.o
 *fill*         0x1000044b        0x1 
 .bss.Lcd_Buffer
                0x1000044c       0x28 ./out/obj/lcd.o
 .bss.flecha_adelante
                0x10000474        0x1 ./out/obj/lcd.o
 .bss.flecha_atras
                0x10000475        0x1 ./out/obj/lcd.o
 .bss.lcd_mode  0x10000476        0x1 ./out/obj/lcd.o
 .bss.codif_inicial
                0x10000477        0x1 ./out/obj/conversor.o
 .bss.codif_final
                0x10000478        0x1 ./out/obj/conversor.o
 *fill*         0x10000479        0x3 
 .bss.valor_inicial
                0x1000047c        0x8 ./out/obj/conversor.o
 .bss.valor_final
                0x10000484        0x8 ./out/obj/conversor.o
 .bss.valor_dec
                0x1000048c        0x2 ./out/obj/conversor.o
 .bss.valor_d.4331
                0x1000048e        0x1 ./out/obj/conversor.o
 *fill*         0x1000048f        0x1 
 .bss.ciaaDevices
                0x10000490       0x54 ./out/lib/posix.a(ciaaDevices.o)
 .bss.ChannelHandlerArray
                0x100004e4        0x8 ./out/lib/ext_drivers.a(gpdma_18xx_43xx.o)
 .bss.audio_usb_pll_freq
                0x100004ec        0x8 ./out/lib/ext_drivers.a(clock_18xx_43xx.o)
 .bss.ciaaPOSIX_buffer
                0x100004f4     0x2710 ./out/lib/posix.a(ciaaPOSIX_stdlib.o)
 *(COMMON)
 COMMON         0x10002c04       0x50 ./out/lib/posix.a(ciaaPOSIX_stdio.o)
                0x10002c04                ciaaPOSIX_stdio_fildes
 COMMON         0x10002c54       0x33 ./out/lib/drivers.a(ciaaDriverUart.o)
                0x10002c54                uartControl
 *fill*         0x10002c87        0x1 
 COMMON         0x10002c88        0x8 ./out/lib/drivers.a(ciaaDriverDio.o)
                0x10002c88                ciaaDriverDio_dio0
                0x10002c8c                ciaaDriverDio_dio1
 COMMON         0x10002c90       0x84 ./out/lib/drivers.a(ciaaDriverAio.o)
                0x10002c90                aioControl
 COMMON         0x10002d14        0x2 ./out/lib/rtos.a(Os_Internal.o)
                0x10002d14                RunningTask
                0x10002d15                ActualContext
 COMMON         0x10002d16        0x3 ./out/lib/rtos.a(Os.o)
                0x10002d16                DisableAllInterrupts_Counter
                0x10002d17                SuspendAllInterrupts_Counter
                0x10002d18                SuspendOSInterrupts_Counter
 *fill*         0x10002d19        0x3 
 COMMON         0x10002d1c        0x8 ./out/lib/rtos.a(Os_Internal_Arch.o)
                0x10002d1c                Osek_OldTaskPtr_Arch
                0x10002d20                Osek_NewTaskPtr_Arch
 COMMON         0x10002d24       0x14 ./out/lib/rtos.a(Os_Cfg.o)
                0x10002d24                Osek_ErrorRet
                0x10002d28                Osek_ErrorApi
                0x10002d2c                Osek_ErrorParam3
                0x10002d30                Osek_ErrorParam1
                0x10002d34                Osek_ErrorParam2
 COMMON         0x10002d38      0xad1 ./out/lib/rtos.a(Os_Internal_Cfg.o)
                0x10002d38                ReadyList0
                0x10002d3c                ContextTaskLcdTask
                0x10002d40                ApplicationMode
                0x10002d44                StackTaskInitTask
                0x10002f44                ReadyVar
                0x10002f50                AlarmsVar
                0x10002f80                ContextTaskSwitchesTask
                0x10002f84                ReadyList1
                0x10002f88                ContextTaskInitTask
                0x10002f8c                StackTaskSwitchesTask
                0x1000318c                ErrorHookRunning
                0x10003190                StackTaskRegistrosTask
                0x10003390                CountersVar
                0x10003394                StackTaskMatrizTask
                0x10003594                ReadyList3
                0x10003598                StackTaskLcdTask
                0x10003798                ContextTaskRegistrosTask
                0x1000379c                TasksVar
                0x10003800                ReadyList2
                0x10003804                ContextTaskMatrizTask
                0x10003808                ReadyList4
 *fill*         0x10003809        0x3 
 COMMON         0x1000380c      0x3c4 ./out/lib/posix.a(ciaaSerialDevices.o)
                0x1000380c                ciaaSerialDevices
 COMMON         0x10003bd0      0x144 ./out/lib/posix.a(ciaaBlockDevices.o)
                0x10003bd0                ciaaBlockDevices
 COMMON         0x10003d14        0x5 ./out/lib/posix.a(ciaaPOSIX_stdlib.o)
                0x10003d14                first_chunk_header
                0x10003d18                ciaaPOSIX_stdlib_sem
 *fill*         0x10003d19        0x3 
 COMMON         0x10003d1c       0x54 ./out/lib/posix.a(ciaaDioDevices.o)
                0x10003d1c                ciaaDioDevices
 COMMON         0x10003d70        0x2 ./out/lib/posix.a(ciaaPOSIX_errno.o)
                0x10003d70                ciaaPOSIX_errno
 *fill*         0x10003d72        0x2 
 COMMON         0x10003d74        0x4 ./out/lib/ext_drivers.a(chip_18xx_43xx.o)
                0x10003d74                SystemCoreClock
                0x10003d78                . = ALIGN (0x4)
                0x10003d78                _ebss = .
                0x10003d78                PROVIDE (end, .)

.noinit_RAM2    0x10080000        0x0
 *(.noinit.$RAM2*)
 *(.noinit.$RamLoc40*)
                0x10080000                . = ALIGN (0x4)

.noinit_RAM3    0x20000000        0x0
 *(.noinit.$RAM3*)
 *(.noinit.$RamAHB32*)
                0x20000000                . = ALIGN (0x4)

.noinit_RAM4    0x20008000        0x0
 *(.noinit.$RAM4*)
 *(.noinit.$RamAHB16*)
                0x20008000                . = ALIGN (0x4)

.noinit_RAM5    0x2000c000        0x0
 *(.noinit.$RAM5*)
 *(.noinit.$RamAHB_ETB16*)
                0x2000c000                . = ALIGN (0x4)

.noinit         0x10003d78        0x0
                0x10003d78                _noinit = .
 *(.noinit*)
                0x10003d78                . = ALIGN (0x4)
                0x10003d78                _end_noinit = .
                0x10003d78                PROVIDE (_pvHeapStart, .)
                0x10008000                PROVIDE (_vStackTop, (__top_RamLoc32 - 0x0))
OUTPUT(./out/bin/proyecto.axf elf32-littlearm)

.debug_info     0x00000000    0x1417b
 .debug_info    0x00000000      0x130 ./out/obj/proyecto.o
 .debug_info    0x00000130     0x1817 ./out/obj/matriz.o
 .debug_info    0x00001947      0x5ea ./out/obj/interfaz.o
 .debug_info    0x00001f31      0x334 ./out/obj/puertos.o
 .debug_info    0x00002265      0x2b3 ./out/obj/switches.o
 .debug_info    0x00002518      0x22a ./out/obj/registros.o
 .debug_info    0x00002742       0x6a ./out/obj/tiempo.o
 .debug_info    0x000027ac      0x269 ./out/obj/calculadora.o
 .debug_info    0x00002a15      0x41d ./out/obj/lcd.o
 .debug_info    0x00002e32      0x588 ./out/obj/conversor.o
 .debug_info    0x000033ba       0x3f ./out/obj/crp.o
 .debug_info    0x000033f9      0x5aa ./out/lib/posix.a(ciaaPOSIX_stdio.o)
 .debug_info    0x000039a3       0x4a ./out/lib/posix.a(ciaaPOSIX_assert.o)
 .debug_info    0x000039ed      0x312 ./out/lib/posix.a(ciaaPOSIX_string.o)
 .debug_info    0x00003cff      0x390 ./out/lib/posix.a(ciaaDevices.o)
 .debug_info    0x0000408f       0xce ./out/lib/ciaak.a(ciaak_main.o)
 .debug_info    0x0000415d     0x10a6 ./out/lib/drivers.a(ciaaDriverUart.o)
 .debug_info    0x00005203      0xe1e ./out/lib/drivers.a(ciaaDriverDio.o)
 .debug_info    0x00006021      0x423 ./out/lib/drivers.a(ciaaDriverFlash.o)
 .debug_info    0x00006444     0x177c ./out/lib/drivers.a(ciaaDriverAio.o)
 .debug_info    0x00007bc0      0x44c ./out/lib/ext_drivers.a(gpio_18xx_43xx.o)
 .debug_info    0x0000800c     0x10d8 ./out/lib/ext_drivers.a(uart_18xx_43xx.o)
 .debug_info    0x000090e4      0x1c3 ./out/lib/ext_drivers.a(cr_startup_lpc43xx.o)
 .debug_info    0x000092a7      0x982 ./out/lib/ext_drivers.a(adc_18xx_43xx.o)
 .debug_info    0x00009c29     0x160a ./out/lib/ext_drivers.a(gpdma_18xx_43xx.o)
 .debug_info    0x0000b233      0x3d1 ./out/lib/ext_drivers.a(dac_18xx_43xx.o)
 .debug_info    0x0000b604     0x158f ./out/lib/ext_drivers.a(clock_18xx_43xx.o)
 .debug_info    0x0000cb93      0x5c0 ./out/lib/ext_drivers.a(sysinit.o)
 .debug_info    0x0000d153      0x145 ./out/lib/ext_drivers.a(fpu_init.o)
 .debug_info    0x0000d298      0x902 ./out/lib/ext_drivers.a(sysinit_18xx_43xx.o)
 .debug_info    0x0000db9a      0x225 ./out/lib/rtos.a(StartOS.o)
 .debug_info    0x0000ddbf      0x7aa ./out/lib/rtos.a(Os_Internal.o)
 .debug_info    0x0000e569      0x375 ./out/lib/rtos.a(Schedule.o)
 .debug_info    0x0000e8de      0x2f2 ./out/lib/rtos.a(ActivateTask.o)
 .debug_info    0x0000ebd0       0x99 ./out/lib/rtos.a(Os.o)
 .debug_info    0x0000ec69      0x214 ./out/lib/rtos.a(TerminateTask.o)
 .debug_info    0x0000ee7d       0x8d ./out/lib/rtos.a(ShutdownOS.o)
 .debug_info    0x0000ef0a      0x32a ./out/lib/rtos.a(GetResource.o)
 .debug_info    0x0000f234      0x346 ./out/lib/rtos.a(ReleaseResource.o)
 .debug_info    0x0000f57a      0x351 ./out/lib/rtos.a(SetRelAlarm.o)
 .debug_info    0x0000f8cb       0x9e ./out/lib/rtos.a(StartOs_Arch.o)
 .debug_info    0x0000f969      0x315 ./out/lib/rtos.a(Os_Internal_Arch.o)
 .debug_info    0x0000fc7e       0xaf ./out/lib/rtos.a(Os_Cfg.o)
 .debug_info    0x0000fd2d      0x80b ./out/lib/rtos.a(Os_Internal_Cfg.o)
 .debug_info    0x00010538      0x646 ./out/lib/rtos.a(Os_Internal_Arch_Cfg.o)
 .debug_info    0x00010b7e      0x317 ./out/lib/rtos.a(SetEvent.o)
 .debug_info    0x00010e95      0x601 ./out/lib/rtos.a(StartOs_Arch_SysTick.o)
 .debug_info    0x00011496       0x5c ./out/lib/rtos.a(PendSV.o)
 .debug_info    0x000114f2      0x818 ./out/lib/posix.a(ciaaSerialDevices.o)
 .debug_info    0x00011d0a      0x6dd ./out/lib/posix.a(ciaaBlockDevices.o)
 .debug_info    0x000123e7      0x262 ./out/lib/posix.a(ciaaPOSIX_stdlib.o)
 .debug_info    0x00012649      0x13b ./out/lib/posix.a(ciaaPOSIX_semaphore.o)
 .debug_info    0x00012784      0x559 ./out/lib/posix.a(ciaaDioDevices.o)
 .debug_info    0x00012cdd       0x8f ./out/lib/posix.a(ciaaPOSIX_errno.o)
 .debug_info    0x00012d6c      0xa3b ./out/lib/ext_drivers.a(chip_18xx_43xx.o)
 .debug_info    0x000137a7       0xbe ./out/lib/rtos.a(GetTaskID.o)
 .debug_info    0x00013865      0x31f ./out/lib/rtos.a(ClearEvent.o)
 .debug_info    0x00013b84      0x35d ./out/lib/rtos.a(WaitEvent.o)
 .debug_info    0x00013ee1      0x29a ./out/lib/libs.a(ciaaLibs_CircBuf.o)

.debug_abbrev   0x00000000     0x42e7
 .debug_abbrev  0x00000000       0x70 ./out/obj/proyecto.o
 .debug_abbrev  0x00000070      0x19a ./out/obj/matriz.o
 .debug_abbrev  0x0000020a      0x18c ./out/obj/interfaz.o
 .debug_abbrev  0x00000396       0xba ./out/obj/puertos.o
 .debug_abbrev  0x00000450      0x102 ./out/obj/switches.o
 .debug_abbrev  0x00000552       0xe4 ./out/obj/registros.o
 .debug_abbrev  0x00000636       0x5a ./out/obj/tiempo.o
 .debug_abbrev  0x00000690      0x121 ./out/obj/calculadora.o
 .debug_abbrev  0x000007b1      0x191 ./out/obj/lcd.o
 .debug_abbrev  0x00000942      0x151 ./out/obj/conversor.o
 .debug_abbrev  0x00000a93       0x36 ./out/obj/crp.o
 .debug_abbrev  0x00000ac9      0x1a1 ./out/lib/posix.a(ciaaPOSIX_stdio.o)
 .debug_abbrev  0x00000c6a       0x3f ./out/lib/posix.a(ciaaPOSIX_assert.o)
 .debug_abbrev  0x00000ca9      0x102 ./out/lib/posix.a(ciaaPOSIX_string.o)
 .debug_abbrev  0x00000dab      0x11b ./out/lib/posix.a(ciaaDevices.o)
 .debug_abbrev  0x00000ec6       0x91 ./out/lib/ciaak.a(ciaak_main.o)
 .debug_abbrev  0x00000f57      0x2a7 ./out/lib/drivers.a(ciaaDriverUart.o)
 .debug_abbrev  0x000011fe      0x271 ./out/lib/drivers.a(ciaaDriverDio.o)
 .debug_abbrev  0x0000146f       0xd3 ./out/lib/drivers.a(ciaaDriverFlash.o)
 .debug_abbrev  0x00001542      0x2e8 ./out/lib/drivers.a(ciaaDriverAio.o)
 .debug_abbrev  0x0000182a      0x111 ./out/lib/ext_drivers.a(gpio_18xx_43xx.o)
 .debug_abbrev  0x0000193b      0x2ac ./out/lib/ext_drivers.a(uart_18xx_43xx.o)
 .debug_abbrev  0x00001be7       0xc0 ./out/lib/ext_drivers.a(cr_startup_lpc43xx.o)
 .debug_abbrev  0x00001ca7      0x1b2 ./out/lib/ext_drivers.a(adc_18xx_43xx.o)
 .debug_abbrev  0x00001e59      0x225 ./out/lib/ext_drivers.a(gpdma_18xx_43xx.o)
 .debug_abbrev  0x0000207e       0xf0 ./out/lib/ext_drivers.a(dac_18xx_43xx.o)
 .debug_abbrev  0x0000216e      0x2c0 ./out/lib/ext_drivers.a(clock_18xx_43xx.o)
 .debug_abbrev  0x0000242e       0xc1 ./out/lib/ext_drivers.a(sysinit.o)
 .debug_abbrev  0x000024ef       0x84 ./out/lib/ext_drivers.a(fpu_init.o)
 .debug_abbrev  0x00002573      0x181 ./out/lib/ext_drivers.a(sysinit_18xx_43xx.o)
 .debug_abbrev  0x000026f4      0x102 ./out/lib/rtos.a(StartOS.o)
 .debug_abbrev  0x000027f6      0x1c6 ./out/lib/rtos.a(Os_Internal.o)
 .debug_abbrev  0x000029bc      0x11c ./out/lib/rtos.a(Schedule.o)
 .debug_abbrev  0x00002ad8       0xfd ./out/lib/rtos.a(ActivateTask.o)
 .debug_abbrev  0x00002bd5       0x47 ./out/lib/rtos.a(Os.o)
 .debug_abbrev  0x00002c1c       0xd7 ./out/lib/rtos.a(TerminateTask.o)
 .debug_abbrev  0x00002cf3       0x61 ./out/lib/rtos.a(ShutdownOS.o)
 .debug_abbrev  0x00002d54       0xfd ./out/lib/rtos.a(GetResource.o)
 .debug_abbrev  0x00002e51      0x10c ./out/lib/rtos.a(ReleaseResource.o)
 .debug_abbrev  0x00002f5d       0xfe ./out/lib/rtos.a(SetRelAlarm.o)
 .debug_abbrev  0x0000305b       0x79 ./out/lib/rtos.a(StartOs_Arch.o)
 .debug_abbrev  0x000030d4      0x15d ./out/lib/rtos.a(Os_Internal_Arch.o)
 .debug_abbrev  0x00003231       0x3a ./out/lib/rtos.a(Os_Cfg.o)
 .debug_abbrev  0x0000326b      0x101 ./out/lib/rtos.a(Os_Internal_Cfg.o)
 .debug_abbrev  0x0000336c       0xc9 ./out/lib/rtos.a(Os_Internal_Arch_Cfg.o)
 .debug_abbrev  0x00003435       0xfd ./out/lib/rtos.a(SetEvent.o)
 .debug_abbrev  0x00003532      0x157 ./out/lib/rtos.a(StartOs_Arch_SysTick.o)
 .debug_abbrev  0x00003689       0x14 ./out/lib/rtos.a(PendSV.o)
 .debug_abbrev  0x0000369d      0x1e9 ./out/lib/posix.a(ciaaSerialDevices.o)
 .debug_abbrev  0x00003886      0x1f8 ./out/lib/posix.a(ciaaBlockDevices.o)
 .debug_abbrev  0x00003a7e      0x11c ./out/lib/posix.a(ciaaPOSIX_stdlib.o)
 .debug_abbrev  0x00003b9a       0xab ./out/lib/posix.a(ciaaPOSIX_semaphore.o)
 .debug_abbrev  0x00003c45      0x14c ./out/lib/posix.a(ciaaDioDevices.o)
 .debug_abbrev  0x00003d91       0x47 ./out/lib/posix.a(ciaaPOSIX_errno.o)
 .debug_abbrev  0x00003dd8      0x148 ./out/lib/ext_drivers.a(chip_18xx_43xx.o)
 .debug_abbrev  0x00003f20       0x8c ./out/lib/rtos.a(GetTaskID.o)
 .debug_abbrev  0x00003fac       0xfd ./out/lib/rtos.a(ClearEvent.o)
 .debug_abbrev  0x000040a9      0x11c ./out/lib/rtos.a(WaitEvent.o)
 .debug_abbrev  0x000041c5      0x122 ./out/lib/libs.a(ciaaLibs_CircBuf.o)

.debug_aranges  0x00000000     0x1458
 .debug_aranges
                0x00000000       0x50 ./out/obj/proyecto.o
 .debug_aranges
                0x00000050      0x1e8 ./out/obj/matriz.o
 .debug_aranges
                0x00000238      0x110 ./out/obj/interfaz.o
 .debug_aranges
                0x00000348       0xb0 ./out/obj/puertos.o
 .debug_aranges
                0x000003f8       0x98 ./out/obj/switches.o
 .debug_aranges
                0x00000490       0x58 ./out/obj/registros.o
 .debug_aranges
                0x000004e8       0x20 ./out/obj/tiempo.o
 .debug_aranges
                0x00000508       0x50 ./out/obj/calculadora.o
 .debug_aranges
                0x00000558       0xb0 ./out/obj/lcd.o
 .debug_aranges
                0x00000608       0xb0 ./out/obj/conversor.o
 .debug_aranges
                0x000006b8       0x18 ./out/obj/crp.o
 .debug_aranges
                0x000006d0       0x58 ./out/lib/posix.a(ciaaPOSIX_stdio.o)
 .debug_aranges
                0x00000728       0x18 ./out/lib/posix.a(ciaaPOSIX_assert.o)
 .debug_aranges
                0x00000740       0x58 ./out/lib/posix.a(ciaaPOSIX_string.o)
 .debug_aranges
                0x00000798       0x30 ./out/lib/posix.a(ciaaDevices.o)
 .debug_aranges
                0x000007c8       0x28 ./out/lib/ciaak.a(ciaak_main.o)
 .debug_aranges
                0x000007f0       0xd0 ./out/lib/drivers.a(ciaaDriverUart.o)
 .debug_aranges
                0x000008c0       0x80 ./out/lib/drivers.a(ciaaDriverDio.o)
 .debug_aranges
                0x00000940       0x48 ./out/lib/drivers.a(ciaaDriverFlash.o)
 .debug_aranges
                0x00000988       0xb8 ./out/lib/drivers.a(ciaaDriverAio.o)
 .debug_aranges
                0x00000a40       0x68 ./out/lib/ext_drivers.a(gpio_18xx_43xx.o)
 .debug_aranges
                0x00000aa8      0x118 ./out/lib/ext_drivers.a(uart_18xx_43xx.o)
 .debug_aranges
                0x00000bc0       0x30 ./out/lib/ext_drivers.a(cr_startup_lpc43xx.o)
 .debug_aranges
                0x00000bf0       0x98 ./out/lib/ext_drivers.a(adc_18xx_43xx.o)
 .debug_aranges
                0x00000c88       0x90 ./out/lib/ext_drivers.a(gpdma_18xx_43xx.o)
 .debug_aranges
                0x00000d18       0x38 ./out/lib/ext_drivers.a(dac_18xx_43xx.o)
 .debug_aranges
                0x00000d50      0x138 ./out/lib/ext_drivers.a(clock_18xx_43xx.o)
 .debug_aranges
                0x00000e88       0x20 ./out/lib/ext_drivers.a(sysinit.o)
 .debug_aranges
                0x00000ea8       0x20 ./out/lib/ext_drivers.a(fpu_init.o)
 .debug_aranges
                0x00000ec8       0x50 ./out/lib/ext_drivers.a(sysinit_18xx_43xx.o)
 .debug_aranges
                0x00000f18       0x20 ./out/lib/rtos.a(StartOS.o)
 .debug_aranges
                0x00000f38       0x48 ./out/lib/rtos.a(Os_Internal.o)
 .debug_aranges
                0x00000f80       0x20 ./out/lib/rtos.a(Schedule.o)
 .debug_aranges
                0x00000fa0       0x20 ./out/lib/rtos.a(ActivateTask.o)
 .debug_aranges
                0x00000fc0       0x18 ./out/lib/rtos.a(Os.o)
 .debug_aranges
                0x00000fd8       0x20 ./out/lib/rtos.a(TerminateTask.o)
 .debug_aranges
                0x00000ff8       0x20 ./out/lib/rtos.a(ShutdownOS.o)
 .debug_aranges
                0x00001018       0x20 ./out/lib/rtos.a(GetResource.o)
 .debug_aranges
                0x00001038       0x20 ./out/lib/rtos.a(ReleaseResource.o)
 .debug_aranges
                0x00001058       0x20 ./out/lib/rtos.a(SetRelAlarm.o)
 .debug_aranges
                0x00001078       0x28 ./out/lib/rtos.a(StartOs_Arch.o)
 .debug_aranges
                0x000010a0       0x38 ./out/lib/rtos.a(Os_Internal_Arch.o)
 .debug_aranges
                0x000010d8       0x18 ./out/lib/rtos.a(Os_Cfg.o)
 .debug_aranges
                0x000010f0       0x18 ./out/lib/rtos.a(Os_Internal_Cfg.o)
 .debug_aranges
                0x00001108       0x68 ./out/lib/rtos.a(Os_Internal_Arch_Cfg.o)
 .debug_aranges
                0x00001170       0x20 ./out/lib/rtos.a(SetEvent.o)
 .debug_aranges
                0x00001190       0x30 ./out/lib/rtos.a(StartOs_Arch_SysTick.o)
 .debug_aranges
                0x000011c0       0x20 ./out/lib/rtos.a(PendSV.o)
 .debug_aranges
                0x000011e0       0x60 ./out/lib/posix.a(ciaaSerialDevices.o)
 .debug_aranges
                0x00001240       0x68 ./out/lib/posix.a(ciaaBlockDevices.o)
 .debug_aranges
                0x000012a8       0x38 ./out/lib/posix.a(ciaaPOSIX_stdlib.o)
 .debug_aranges
                0x000012e0       0x30 ./out/lib/posix.a(ciaaPOSIX_semaphore.o)
 .debug_aranges
                0x00001310       0x50 ./out/lib/posix.a(ciaaDioDevices.o)
 .debug_aranges
                0x00001360       0x18 ./out/lib/posix.a(ciaaPOSIX_errno.o)
 .debug_aranges
                0x00001378       0x40 ./out/lib/ext_drivers.a(chip_18xx_43xx.o)
 .debug_aranges
                0x000013b8       0x20 ./out/lib/rtos.a(GetTaskID.o)
 .debug_aranges
                0x000013d8       0x20 ./out/lib/rtos.a(ClearEvent.o)
 .debug_aranges
                0x000013f8       0x20 ./out/lib/rtos.a(WaitEvent.o)
 .debug_aranges
                0x00001418       0x40 ./out/lib/libs.a(ciaaLibs_CircBuf.o)

.debug_ranges   0x00000000     0x1068
 .debug_ranges  0x00000000       0x40 ./out/obj/proyecto.o
 .debug_ranges  0x00000040      0x1d8 ./out/obj/matriz.o
 .debug_ranges  0x00000218      0x100 ./out/obj/interfaz.o
 .debug_ranges  0x00000318       0xa0 ./out/obj/puertos.o
 .debug_ranges  0x000003b8       0x88 ./out/obj/switches.o
 .debug_ranges  0x00000440       0x48 ./out/obj/registros.o
 .debug_ranges  0x00000488       0x10 ./out/obj/tiempo.o
 .debug_ranges  0x00000498       0x40 ./out/obj/calculadora.o
 .debug_ranges  0x000004d8       0xa0 ./out/obj/lcd.o
 .debug_ranges  0x00000578       0xa0 ./out/obj/conversor.o
 .debug_ranges  0x00000618       0x48 ./out/lib/posix.a(ciaaPOSIX_stdio.o)
 .debug_ranges  0x00000660       0x48 ./out/lib/posix.a(ciaaPOSIX_string.o)
 .debug_ranges  0x000006a8       0x20 ./out/lib/posix.a(ciaaDevices.o)
 .debug_ranges  0x000006c8       0x18 ./out/lib/ciaak.a(ciaak_main.o)
 .debug_ranges  0x000006e0       0xc0 ./out/lib/drivers.a(ciaaDriverUart.o)
 .debug_ranges  0x000007a0       0x70 ./out/lib/drivers.a(ciaaDriverDio.o)
 .debug_ranges  0x00000810       0x38 ./out/lib/drivers.a(ciaaDriverFlash.o)
 .debug_ranges  0x00000848       0xa8 ./out/lib/drivers.a(ciaaDriverAio.o)
 .debug_ranges  0x000008f0       0x58 ./out/lib/ext_drivers.a(gpio_18xx_43xx.o)
 .debug_ranges  0x00000948      0x108 ./out/lib/ext_drivers.a(uart_18xx_43xx.o)
 .debug_ranges  0x00000a50       0x20 ./out/lib/ext_drivers.a(cr_startup_lpc43xx.o)
 .debug_ranges  0x00000a70       0x88 ./out/lib/ext_drivers.a(adc_18xx_43xx.o)
 .debug_ranges  0x00000af8       0x80 ./out/lib/ext_drivers.a(gpdma_18xx_43xx.o)
 .debug_ranges  0x00000b78       0x28 ./out/lib/ext_drivers.a(dac_18xx_43xx.o)
 .debug_ranges  0x00000ba0      0x128 ./out/lib/ext_drivers.a(clock_18xx_43xx.o)
 .debug_ranges  0x00000cc8       0x10 ./out/lib/ext_drivers.a(sysinit.o)
 .debug_ranges  0x00000cd8       0x10 ./out/lib/ext_drivers.a(fpu_init.o)
 .debug_ranges  0x00000ce8       0x40 ./out/lib/ext_drivers.a(sysinit_18xx_43xx.o)
 .debug_ranges  0x00000d28       0x10 ./out/lib/rtos.a(StartOS.o)
 .debug_ranges  0x00000d38       0x38 ./out/lib/rtos.a(Os_Internal.o)
 .debug_ranges  0x00000d70       0x10 ./out/lib/rtos.a(Schedule.o)
 .debug_ranges  0x00000d80       0x10 ./out/lib/rtos.a(ActivateTask.o)
 .debug_ranges  0x00000d90       0x10 ./out/lib/rtos.a(TerminateTask.o)
 .debug_ranges  0x00000da0       0x10 ./out/lib/rtos.a(ShutdownOS.o)
 .debug_ranges  0x00000db0       0x10 ./out/lib/rtos.a(GetResource.o)
 .debug_ranges  0x00000dc0       0x10 ./out/lib/rtos.a(ReleaseResource.o)
 .debug_ranges  0x00000dd0       0x10 ./out/lib/rtos.a(SetRelAlarm.o)
 .debug_ranges  0x00000de0       0x18 ./out/lib/rtos.a(StartOs_Arch.o)
 .debug_ranges  0x00000df8       0x28 ./out/lib/rtos.a(Os_Internal_Arch.o)
 .debug_ranges  0x00000e20       0x58 ./out/lib/rtos.a(Os_Internal_Arch_Cfg.o)
 .debug_ranges  0x00000e78       0x10 ./out/lib/rtos.a(SetEvent.o)
 .debug_ranges  0x00000e88       0x20 ./out/lib/rtos.a(StartOs_Arch_SysTick.o)
 .debug_ranges  0x00000ea8       0x50 ./out/lib/posix.a(ciaaSerialDevices.o)
 .debug_ranges  0x00000ef8       0x58 ./out/lib/posix.a(ciaaBlockDevices.o)
 .debug_ranges  0x00000f50       0x28 ./out/lib/posix.a(ciaaPOSIX_stdlib.o)
 .debug_ranges  0x00000f78       0x20 ./out/lib/posix.a(ciaaPOSIX_semaphore.o)
 .debug_ranges  0x00000f98       0x40 ./out/lib/posix.a(ciaaDioDevices.o)
 .debug_ranges  0x00000fd8       0x30 ./out/lib/ext_drivers.a(chip_18xx_43xx.o)
 .debug_ranges  0x00001008       0x10 ./out/lib/rtos.a(GetTaskID.o)
 .debug_ranges  0x00001018       0x10 ./out/lib/rtos.a(ClearEvent.o)
 .debug_ranges  0x00001028       0x10 ./out/lib/rtos.a(WaitEvent.o)
 .debug_ranges  0x00001038       0x30 ./out/lib/libs.a(ciaaLibs_CircBuf.o)

.debug_macro    0x00000000     0xa52e
 .debug_macro   0x00000000      0x213 ./out/obj/proyecto.o
 .debug_macro   0x00000213      0x868 ./out/obj/proyecto.o
 .debug_macro   0x00000a7b       0x22 ./out/obj/proyecto.o
 .debug_macro   0x00000a9d       0x3b ./out/obj/proyecto.o
 .debug_macro   0x00000ad8       0x6b ./out/obj/proyecto.o
 .debug_macro   0x00000b43       0x12 ./out/obj/proyecto.o
 .debug_macro   0x00000b55       0x8f ./out/obj/proyecto.o
 .debug_macro   0x00000be4       0x28 ./out/obj/proyecto.o
 .debug_macro   0x00000c0c      0x155 ./out/obj/proyecto.o
 .debug_macro   0x00000d61       0x84 ./out/obj/proyecto.o
 .debug_macro   0x00000de5       0x16 ./out/obj/proyecto.o
 .debug_macro   0x00000dfb       0x44 ./out/obj/proyecto.o
 .debug_macro   0x00000e3f      0x209 ./out/obj/proyecto.o
 .debug_macro   0x00001048      0x166 ./out/obj/proyecto.o
 .debug_macro   0x000011ae       0x58 ./out/obj/proyecto.o
 .debug_macro   0x00001206       0x35 ./out/obj/proyecto.o
 .debug_macro   0x0000123b       0xa2 ./out/obj/proyecto.o
 .debug_macro   0x000012dd       0x52 ./out/obj/proyecto.o
 .debug_macro   0x0000132f       0x16 ./out/obj/proyecto.o
 .debug_macro   0x00001345       0x43 ./out/obj/proyecto.o
 .debug_macro   0x00001388       0x22 ./out/obj/proyecto.o
 .debug_macro   0x000013aa       0xbd ./out/obj/proyecto.o
 .debug_macro   0x00001467       0x1c ./out/obj/proyecto.o
 .debug_macro   0x00001483       0xc8 ./out/obj/proyecto.o
 .debug_macro   0x0000154b       0x16 ./out/obj/proyecto.o
 .debug_macro   0x00001561       0x83 ./out/obj/proyecto.o
 .debug_macro   0x000015e4       0x4c ./out/obj/proyecto.o
 .debug_macro   0x00001630       0x16 ./out/obj/proyecto.o
 .debug_macro   0x00001646       0x10 ./out/obj/proyecto.o
 .debug_macro   0x00001656      0x1fa ./out/obj/matriz.o
 .debug_macro   0x00001850      0x203 ./out/obj/interfaz.o
 .debug_macro   0x00001a53      0x1a8 ./out/obj/puertos.o
 .debug_macro   0x00001bfb      0x1ea ./out/obj/switches.o
 .debug_macro   0x00001de5      0x1da ./out/obj/registros.o
 .debug_macro   0x00001fbf       0x21 ./out/obj/tiempo.o
 .debug_macro   0x00001fe0       0xfd ./out/obj/calculadora.o
 .debug_macro   0x000020dd      0x1c3 ./out/obj/lcd.o
 .debug_macro   0x000022a0       0xf4 ./out/obj/conversor.o
 .debug_macro   0x00002394       0x17 ./out/obj/crp.o
 .debug_macro   0x000023ab      0x1c6 ./out/lib/posix.a(ciaaPOSIX_stdio.o)
 .debug_macro   0x00002571       0x22 ./out/lib/posix.a(ciaaPOSIX_stdio.o)
 .debug_macro   0x00002593       0x16 ./out/lib/posix.a(ciaaPOSIX_stdio.o)
 .debug_macro   0x000025a9       0x11 ./out/lib/posix.a(ciaaPOSIX_assert.o)
 .debug_macro   0x000025ba      0x111 ./out/lib/posix.a(ciaaPOSIX_string.o)
 .debug_macro   0x000026cb      0x14f ./out/lib/posix.a(ciaaDevices.o)
 .debug_macro   0x0000281a      0x19d ./out/lib/ciaak.a(ciaak_main.o)
 .debug_macro   0x000029b7       0x10 ./out/lib/ciaak.a(ciaak_main.o)
 .debug_macro   0x000029c7       0x10 ./out/lib/ciaak.a(ciaak_main.o)
 .debug_macro   0x000029d7      0x459 ./out/lib/drivers.a(ciaaDriverUart.o)
 .debug_macro   0x00002e30       0x10 ./out/lib/drivers.a(ciaaDriverUart.o)
 .debug_macro   0x00002e40       0x22 ./out/lib/drivers.a(ciaaDriverUart.o)
 .debug_macro   0x00002e62       0x5f ./out/lib/drivers.a(ciaaDriverUart.o)
 .debug_macro   0x00002ec1       0x28 ./out/lib/drivers.a(ciaaDriverUart.o)
 .debug_macro   0x00002ee9       0x3b ./out/lib/drivers.a(ciaaDriverUart.o)
 .debug_macro   0x00002f24       0x2d ./out/lib/drivers.a(ciaaDriverUart.o)
 .debug_macro   0x00002f51       0x42 ./out/lib/drivers.a(ciaaDriverUart.o)
 .debug_macro   0x00002f93      0xd39 ./out/lib/drivers.a(ciaaDriverUart.o)
 .debug_macro   0x00003ccc      0x2bc ./out/lib/drivers.a(ciaaDriverUart.o)
 .debug_macro   0x00003f88      0x112 ./out/lib/drivers.a(ciaaDriverUart.o)
 .debug_macro   0x0000409a       0x11 ./out/lib/drivers.a(ciaaDriverUart.o)
 .debug_macro   0x000040ab       0x2a ./out/lib/drivers.a(ciaaDriverUart.o)
 .debug_macro   0x000040d5       0x16 ./out/lib/drivers.a(ciaaDriverUart.o)
 .debug_macro   0x000040eb      0x2e6 ./out/lib/drivers.a(ciaaDriverUart.o)
 .debug_macro   0x000043d1       0x82 ./out/lib/drivers.a(ciaaDriverUart.o)
 .debug_macro   0x00004453      0x13d ./out/lib/drivers.a(ciaaDriverUart.o)
 .debug_macro   0x00004590      0x198 ./out/lib/drivers.a(ciaaDriverUart.o)
 .debug_macro   0x00004728       0x34 ./out/lib/drivers.a(ciaaDriverUart.o)
 .debug_macro   0x0000475c       0x58 ./out/lib/drivers.a(ciaaDriverUart.o)
 .debug_macro   0x000047b4      0x236 ./out/lib/drivers.a(ciaaDriverUart.o)
 .debug_macro   0x000049ea      0x572 ./out/lib/drivers.a(ciaaDriverUart.o)
 .debug_macro   0x00004f5c       0x16 ./out/lib/drivers.a(ciaaDriverUart.o)
 .debug_macro   0x00004f72      0x18a ./out/lib/drivers.a(ciaaDriverUart.o)
 .debug_macro   0x000050fc       0x88 ./out/lib/drivers.a(ciaaDriverUart.o)
 .debug_macro   0x00005184      0x1b9 ./out/lib/drivers.a(ciaaDriverUart.o)
 .debug_macro   0x0000533d      0x1da ./out/lib/drivers.a(ciaaDriverUart.o)
 .debug_macro   0x00005517       0x40 ./out/lib/drivers.a(ciaaDriverUart.o)
 .debug_macro   0x00005557       0x1c ./out/lib/drivers.a(ciaaDriverUart.o)
 .debug_macro   0x00005573       0x2e ./out/lib/drivers.a(ciaaDriverUart.o)
 .debug_macro   0x000055a1       0x2e ./out/lib/drivers.a(ciaaDriverUart.o)
 .debug_macro   0x000055cf       0x22 ./out/lib/drivers.a(ciaaDriverUart.o)
 .debug_macro   0x000055f1      0x201 ./out/lib/drivers.a(ciaaDriverUart.o)
 .debug_macro   0x000057f2       0xe0 ./out/lib/drivers.a(ciaaDriverUart.o)
 .debug_macro   0x000058d2      0x34c ./out/lib/drivers.a(ciaaDriverUart.o)
 .debug_macro   0x00005c1e       0xdc ./out/lib/drivers.a(ciaaDriverUart.o)
 .debug_macro   0x00005cfa       0xc4 ./out/lib/drivers.a(ciaaDriverUart.o)
 .debug_macro   0x00005dbe       0x94 ./out/lib/drivers.a(ciaaDriverUart.o)
 .debug_macro   0x00005e52       0xb8 ./out/lib/drivers.a(ciaaDriverUart.o)
 .debug_macro   0x00005f0a       0x4c ./out/lib/drivers.a(ciaaDriverUart.o)
 .debug_macro   0x00005f56       0x16 ./out/lib/drivers.a(ciaaDriverUart.o)
 .debug_macro   0x00005f6c      0x328 ./out/lib/drivers.a(ciaaDriverUart.o)
 .debug_macro   0x00006294       0x3a ./out/lib/drivers.a(ciaaDriverUart.o)
 .debug_macro   0x000062ce       0xd0 ./out/lib/drivers.a(ciaaDriverUart.o)
 .debug_macro   0x0000639e       0x11 ./out/lib/drivers.a(ciaaDriverUart.o)
 .debug_macro   0x000063af       0x22 ./out/lib/drivers.a(ciaaDriverUart.o)
 .debug_macro   0x000063d1       0x40 ./out/lib/drivers.a(ciaaDriverUart.o)
 .debug_macro   0x00006411      0x3e2 ./out/lib/drivers.a(ciaaDriverDio.o)
 .debug_macro   0x000067f3      0x113 ./out/lib/drivers.a(ciaaDriverFlash.o)
 .debug_macro   0x00006906      0x463 ./out/lib/drivers.a(ciaaDriverAio.o)
 .debug_macro   0x00006d69      0x2e0 ./out/lib/ext_drivers.a(gpio_18xx_43xx.o)